<?xml version="1.0" encoding="ISO-8859-1" ?>
<link_info>
   <banner>MSP430 Linker PC v21.6.1.LTS</banner>
   <copyright>Copyright (c) 2003-2018 Texas Instruments Incorporated</copyright>
   <link_time>0x66a35e5d</link_time>
   <link_errors>0x0</link_errors>
   <output_file>Capuchin-MCU.out</output_file>
   <entry_point>
      <name>_c_int00_noargs</name>
      <address>0xf000</address>
   </entry_point>
   <input_file_list>
      <input_file id="fl-2">
         <path>.\</path>
         <kind>object</kind>
         <file>init.obj</file>
         <name>init.obj</name>
      </input_file>
      <input_file id="fl-3">
         <path>.\</path>
         <kind>object</kind>
         <file>main.obj</file>
         <name>main.obj</name>
      </input_file>
      <input_file id="fl-4">
         <path>.\DSPLib\source\filter\</path>
         <kind>object</kind>
         <file>msp_biquad_cascade_df1_q15.obj</file>
         <name>msp_biquad_cascade_df1_q15.obj</name>
      </input_file>
      <input_file id="fl-5">
         <path>.\DSPLib\source\filter\</path>
         <kind>object</kind>
         <file>msp_biquad_cascade_df2_ext_q15.obj</file>
         <name>msp_biquad_cascade_df2_ext_q15.obj</name>
      </input_file>
      <input_file id="fl-6">
         <path>.\DSPLib\source\filter\</path>
         <kind>object</kind>
         <file>msp_biquad_cascade_df2_q15.obj</file>
         <name>msp_biquad_cascade_df2_q15.obj</name>
      </input_file>
      <input_file id="fl-7">
         <path>.\DSPLib\source\filter\</path>
         <kind>object</kind>
         <file>msp_biquad_df1_q15.obj</file>
         <name>msp_biquad_df1_q15.obj</name>
      </input_file>
      <input_file id="fl-8">
         <path>.\DSPLib\source\filter\</path>
         <kind>object</kind>
         <file>msp_biquad_df2_ext_q15.obj</file>
         <name>msp_biquad_df2_ext_q15.obj</name>
      </input_file>
      <input_file id="fl-9">
         <path>.\DSPLib\source\filter\</path>
         <kind>object</kind>
         <file>msp_biquad_df2_q15.obj</file>
         <name>msp_biquad_df2_q15.obj</name>
      </input_file>
      <input_file id="fl-a">
         <path>.\DSPLib\source\filter\</path>
         <kind>object</kind>
         <file>msp_cmplx_fir_iq31.obj</file>
         <name>msp_cmplx_fir_iq31.obj</name>
      </input_file>
      <input_file id="fl-b">
         <path>.\DSPLib\source\filter\</path>
         <kind>object</kind>
         <file>msp_cmplx_fir_q15.obj</file>
         <name>msp_cmplx_fir_q15.obj</name>
      </input_file>
      <input_file id="fl-c">
         <path>.\DSPLib\source\filter\</path>
         <kind>object</kind>
         <file>msp_fir_iq31.obj</file>
         <name>msp_fir_iq31.obj</name>
      </input_file>
      <input_file id="fl-d">
         <path>.\DSPLib\source\filter\</path>
         <kind>object</kind>
         <file>msp_fir_q15.obj</file>
         <name>msp_fir_q15.obj</name>
      </input_file>
      <input_file id="fl-e">
         <path>.\DSPLib\source\lea\</path>
         <kind>object</kind>
         <file>msp_lea_flags.obj</file>
         <name>msp_lea_flags.obj</name>
      </input_file>
      <input_file id="fl-f">
         <path>.\DSPLib\source\lea\</path>
         <kind>object</kind>
         <file>msp_lea_init.obj</file>
         <name>msp_lea_init.obj</name>
      </input_file>
      <input_file id="fl-10">
         <path>.\DSPLib\source\lea\</path>
         <kind>object</kind>
         <file>msp_lea_isr.obj</file>
         <name>msp_lea_isr.obj</name>
      </input_file>
      <input_file id="fl-11">
         <path>.\DSPLib\source\lea\</path>
         <kind>object</kind>
         <file>msp_lea_patch.obj</file>
         <name>msp_lea_patch.obj</name>
      </input_file>
      <input_file id="fl-12">
         <path>.\DSPLib\source\matrix\</path>
         <kind>object</kind>
         <file>msp_matrix_abs_iq31.obj</file>
         <name>msp_matrix_abs_iq31.obj</name>
      </input_file>
      <input_file id="fl-13">
         <path>.\DSPLib\source\matrix\</path>
         <kind>object</kind>
         <file>msp_matrix_abs_q15.obj</file>
         <name>msp_matrix_abs_q15.obj</name>
      </input_file>
      <input_file id="fl-14">
         <path>.\DSPLib\source\matrix\</path>
         <kind>object</kind>
         <file>msp_matrix_add_iq31.obj</file>
         <name>msp_matrix_add_iq31.obj</name>
      </input_file>
      <input_file id="fl-15">
         <path>.\DSPLib\source\matrix\</path>
         <kind>object</kind>
         <file>msp_matrix_add_q15.obj</file>
         <name>msp_matrix_add_q15.obj</name>
      </input_file>
      <input_file id="fl-16">
         <path>.\DSPLib\source\matrix\</path>
         <kind>object</kind>
         <file>msp_matrix_mpy_iq31.obj</file>
         <name>msp_matrix_mpy_iq31.obj</name>
      </input_file>
      <input_file id="fl-17">
         <path>.\DSPLib\source\matrix\</path>
         <kind>object</kind>
         <file>msp_matrix_mpy_q15.obj</file>
         <name>msp_matrix_mpy_q15.obj</name>
      </input_file>
      <input_file id="fl-18">
         <path>.\DSPLib\source\matrix\</path>
         <kind>object</kind>
         <file>msp_matrix_neg_iq31.obj</file>
         <name>msp_matrix_neg_iq31.obj</name>
      </input_file>
      <input_file id="fl-19">
         <path>.\DSPLib\source\matrix\</path>
         <kind>object</kind>
         <file>msp_matrix_neg_q15.obj</file>
         <name>msp_matrix_neg_q15.obj</name>
      </input_file>
      <input_file id="fl-1a">
         <path>.\DSPLib\source\matrix\</path>
         <kind>object</kind>
         <file>msp_matrix_offset_iq31.obj</file>
         <name>msp_matrix_offset_iq31.obj</name>
      </input_file>
      <input_file id="fl-1b">
         <path>.\DSPLib\source\matrix\</path>
         <kind>object</kind>
         <file>msp_matrix_offset_q15.obj</file>
         <name>msp_matrix_offset_q15.obj</name>
      </input_file>
      <input_file id="fl-1c">
         <path>.\DSPLib\source\matrix\</path>
         <kind>object</kind>
         <file>msp_matrix_scale_iq31.obj</file>
         <name>msp_matrix_scale_iq31.obj</name>
      </input_file>
      <input_file id="fl-1d">
         <path>.\DSPLib\source\matrix\</path>
         <kind>object</kind>
         <file>msp_matrix_scale_q15.obj</file>
         <name>msp_matrix_scale_q15.obj</name>
      </input_file>
      <input_file id="fl-1e">
         <path>.\DSPLib\source\matrix\</path>
         <kind>object</kind>
         <file>msp_matrix_shift_iq31.obj</file>
         <name>msp_matrix_shift_iq31.obj</name>
      </input_file>
      <input_file id="fl-1f">
         <path>.\DSPLib\source\matrix\</path>
         <kind>object</kind>
         <file>msp_matrix_shift_q15.obj</file>
         <name>msp_matrix_shift_q15.obj</name>
      </input_file>
      <input_file id="fl-20">
         <path>.\DSPLib\source\matrix\</path>
         <kind>object</kind>
         <file>msp_matrix_sub_iq31.obj</file>
         <name>msp_matrix_sub_iq31.obj</name>
      </input_file>
      <input_file id="fl-21">
         <path>.\DSPLib\source\matrix\</path>
         <kind>object</kind>
         <file>msp_matrix_sub_q15.obj</file>
         <name>msp_matrix_sub_q15.obj</name>
      </input_file>
      <input_file id="fl-22">
         <path>.\DSPLib\source\matrix\</path>
         <kind>object</kind>
         <file>msp_matrix_trans_iq31.obj</file>
         <name>msp_matrix_trans_iq31.obj</name>
      </input_file>
      <input_file id="fl-23">
         <path>.\DSPLib\source\matrix\</path>
         <kind>object</kind>
         <file>msp_matrix_trans_q15.obj</file>
         <name>msp_matrix_trans_q15.obj</name>
      </input_file>
      <input_file id="fl-24">
         <path>.\DSPLib\source\transform\</path>
         <kind>object</kind>
         <file>msp_cmplx_bitrev_iq31.obj</file>
         <name>msp_cmplx_bitrev_iq31.obj</name>
      </input_file>
      <input_file id="fl-25">
         <path>.\DSPLib\source\transform\</path>
         <kind>object</kind>
         <file>msp_cmplx_bitrev_q15.obj</file>
         <name>msp_cmplx_bitrev_q15.obj</name>
      </input_file>
      <input_file id="fl-26">
         <path>.\DSPLib\source\transform\</path>
         <kind>object</kind>
         <file>msp_cmplx_fft_auto_q15.obj</file>
         <name>msp_cmplx_fft_auto_q15.obj</name>
      </input_file>
      <input_file id="fl-27">
         <path>.\DSPLib\source\transform\</path>
         <kind>object</kind>
         <file>msp_cmplx_fft_fixed_q15.obj</file>
         <name>msp_cmplx_fft_fixed_q15.obj</name>
      </input_file>
      <input_file id="fl-28">
         <path>.\DSPLib\source\transform\</path>
         <kind>object</kind>
         <file>msp_cmplx_fft_iq31.obj</file>
         <name>msp_cmplx_fft_iq31.obj</name>
      </input_file>
      <input_file id="fl-29">
         <path>.\DSPLib\source\transform\</path>
         <kind>object</kind>
         <file>msp_cmplx_ifft_auto_q15.obj</file>
         <name>msp_cmplx_ifft_auto_q15.obj</name>
      </input_file>
      <input_file id="fl-2a">
         <path>.\DSPLib\source\transform\</path>
         <kind>object</kind>
         <file>msp_cmplx_ifft_fixed_q15.obj</file>
         <name>msp_cmplx_ifft_fixed_q15.obj</name>
      </input_file>
      <input_file id="fl-2b">
         <path>.\DSPLib\source\transform\</path>
         <kind>object</kind>
         <file>msp_cmplx_ifft_iq31.obj</file>
         <name>msp_cmplx_ifft_iq31.obj</name>
      </input_file>
      <input_file id="fl-2c">
         <path>.\DSPLib\source\transform\</path>
         <kind>object</kind>
         <file>msp_fft_auto_q15.obj</file>
         <name>msp_fft_auto_q15.obj</name>
      </input_file>
      <input_file id="fl-2d">
         <path>.\DSPLib\source\transform\</path>
         <kind>object</kind>
         <file>msp_fft_fixed_q15.obj</file>
         <name>msp_fft_fixed_q15.obj</name>
      </input_file>
      <input_file id="fl-2e">
         <path>.\DSPLib\source\transform\</path>
         <kind>object</kind>
         <file>msp_fft_iq31.obj</file>
         <name>msp_fft_iq31.obj</name>
      </input_file>
      <input_file id="fl-2f">
         <path>.\DSPLib\source\transform\</path>
         <kind>object</kind>
         <file>msp_ifft_auto_q15.obj</file>
         <name>msp_ifft_auto_q15.obj</name>
      </input_file>
      <input_file id="fl-30">
         <path>.\DSPLib\source\transform\</path>
         <kind>object</kind>
         <file>msp_ifft_fixed_q15.obj</file>
         <name>msp_ifft_fixed_q15.obj</name>
      </input_file>
      <input_file id="fl-31">
         <path>.\DSPLib\source\transform\</path>
         <kind>object</kind>
         <file>msp_ifft_iq31.obj</file>
         <name>msp_ifft_iq31.obj</name>
      </input_file>
      <input_file id="fl-32">
         <path>.\DSPLib\source\transform\</path>
         <kind>object</kind>
         <file>msp_split_iq31.obj</file>
         <name>msp_split_iq31.obj</name>
      </input_file>
      <input_file id="fl-33">
         <path>.\DSPLib\source\transform\</path>
         <kind>object</kind>
         <file>msp_split_q15.obj</file>
         <name>msp_split_q15.obj</name>
      </input_file>
      <input_file id="fl-34">
         <path>.\DSPLib\source\transform\</path>
         <kind>object</kind>
         <file>msp_transform_tables.obj</file>
         <name>msp_transform_tables.obj</name>
      </input_file>
      <input_file id="fl-35">
         <path>.\DSPLib\source\utility\</path>
         <kind>object</kind>
         <file>msp_cmplx_fill_iq31.obj</file>
         <name>msp_cmplx_fill_iq31.obj</name>
      </input_file>
      <input_file id="fl-36">
         <path>.\DSPLib\source\utility\</path>
         <kind>object</kind>
         <file>msp_cmplx_fill_q15.obj</file>
         <name>msp_cmplx_fill_q15.obj</name>
      </input_file>
      <input_file id="fl-37">
         <path>.\DSPLib\source\utility\</path>
         <kind>object</kind>
         <file>msp_cmplx_iq31.obj</file>
         <name>msp_cmplx_iq31.obj</name>
      </input_file>
      <input_file id="fl-38">
         <path>.\DSPLib\source\utility\</path>
         <kind>object</kind>
         <file>msp_cmplx_q15.obj</file>
         <name>msp_cmplx_q15.obj</name>
      </input_file>
      <input_file id="fl-39">
         <path>.\DSPLib\source\utility\</path>
         <kind>object</kind>
         <file>msp_copy_iq31.obj</file>
         <name>msp_copy_iq31.obj</name>
      </input_file>
      <input_file id="fl-3a">
         <path>.\DSPLib\source\utility\</path>
         <kind>object</kind>
         <file>msp_copy_q15.obj</file>
         <name>msp_copy_q15.obj</name>
      </input_file>
      <input_file id="fl-3b">
         <path>.\DSPLib\source\utility\</path>
         <kind>object</kind>
         <file>msp_deinterleave_iq31.obj</file>
         <name>msp_deinterleave_iq31.obj</name>
      </input_file>
      <input_file id="fl-3c">
         <path>.\DSPLib\source\utility\</path>
         <kind>object</kind>
         <file>msp_deinterleave_q15.obj</file>
         <name>msp_deinterleave_q15.obj</name>
      </input_file>
      <input_file id="fl-3d">
         <path>.\DSPLib\source\utility\</path>
         <kind>object</kind>
         <file>msp_fill_iq31.obj</file>
         <name>msp_fill_iq31.obj</name>
      </input_file>
      <input_file id="fl-3e">
         <path>.\DSPLib\source\utility\</path>
         <kind>object</kind>
         <file>msp_fill_q15.obj</file>
         <name>msp_fill_q15.obj</name>
      </input_file>
      <input_file id="fl-3f">
         <path>.\DSPLib\source\utility\</path>
         <kind>object</kind>
         <file>msp_interleave_iq31.obj</file>
         <name>msp_interleave_iq31.obj</name>
      </input_file>
      <input_file id="fl-40">
         <path>.\DSPLib\source\utility\</path>
         <kind>object</kind>
         <file>msp_interleave_q15.obj</file>
         <name>msp_interleave_q15.obj</name>
      </input_file>
      <input_file id="fl-41">
         <path>.\DSPLib\source\utility\</path>
         <kind>object</kind>
         <file>msp_iq31_to_q15.obj</file>
         <name>msp_iq31_to_q15.obj</name>
      </input_file>
      <input_file id="fl-42">
         <path>.\DSPLib\source\utility\</path>
         <kind>object</kind>
         <file>msp_q15_to_iq31.obj</file>
         <name>msp_q15_to_iq31.obj</name>
      </input_file>
      <input_file id="fl-43">
         <path>.\DSPLib\source\utility\</path>
         <kind>object</kind>
         <file>msp_sinusoid_q15.obj</file>
         <name>msp_sinusoid_q15.obj</name>
      </input_file>
      <input_file id="fl-44">
         <path>.\DSPLib\source\vector\</path>
         <kind>object</kind>
         <file>msp_abs_iq31.obj</file>
         <name>msp_abs_iq31.obj</name>
      </input_file>
      <input_file id="fl-45">
         <path>.\DSPLib\source\vector\</path>
         <kind>object</kind>
         <file>msp_abs_q15.obj</file>
         <name>msp_abs_q15.obj</name>
      </input_file>
      <input_file id="fl-46">
         <path>.\DSPLib\source\vector\</path>
         <kind>object</kind>
         <file>msp_add_iq31.obj</file>
         <name>msp_add_iq31.obj</name>
      </input_file>
      <input_file id="fl-47">
         <path>.\DSPLib\source\vector\</path>
         <kind>object</kind>
         <file>msp_add_q15.obj</file>
         <name>msp_add_q15.obj</name>
      </input_file>
      <input_file id="fl-48">
         <path>.\DSPLib\source\vector\</path>
         <kind>object</kind>
         <file>msp_cmplx_add_iq31.obj</file>
         <name>msp_cmplx_add_iq31.obj</name>
      </input_file>
      <input_file id="fl-49">
         <path>.\DSPLib\source\vector\</path>
         <kind>object</kind>
         <file>msp_cmplx_add_q15.obj</file>
         <name>msp_cmplx_add_q15.obj</name>
      </input_file>
      <input_file id="fl-4a">
         <path>.\DSPLib\source\vector\</path>
         <kind>object</kind>
         <file>msp_cmplx_conj_iq31.obj</file>
         <name>msp_cmplx_conj_iq31.obj</name>
      </input_file>
      <input_file id="fl-4b">
         <path>.\DSPLib\source\vector\</path>
         <kind>object</kind>
         <file>msp_cmplx_conj_q15.obj</file>
         <name>msp_cmplx_conj_q15.obj</name>
      </input_file>
      <input_file id="fl-4c">
         <path>.\DSPLib\source\vector\</path>
         <kind>object</kind>
         <file>msp_cmplx_mac_iq31.obj</file>
         <name>msp_cmplx_mac_iq31.obj</name>
      </input_file>
      <input_file id="fl-4d">
         <path>.\DSPLib\source\vector\</path>
         <kind>object</kind>
         <file>msp_cmplx_mac_q15.obj</file>
         <name>msp_cmplx_mac_q15.obj</name>
      </input_file>
      <input_file id="fl-4e">
         <path>.\DSPLib\source\vector\</path>
         <kind>object</kind>
         <file>msp_cmplx_mpy_iq31.obj</file>
         <name>msp_cmplx_mpy_iq31.obj</name>
      </input_file>
      <input_file id="fl-4f">
         <path>.\DSPLib\source\vector\</path>
         <kind>object</kind>
         <file>msp_cmplx_mpy_q15.obj</file>
         <name>msp_cmplx_mpy_q15.obj</name>
      </input_file>
      <input_file id="fl-50">
         <path>.\DSPLib\source\vector\</path>
         <kind>object</kind>
         <file>msp_cmplx_mpy_real_iq31.obj</file>
         <name>msp_cmplx_mpy_real_iq31.obj</name>
      </input_file>
      <input_file id="fl-51">
         <path>.\DSPLib\source\vector\</path>
         <kind>object</kind>
         <file>msp_cmplx_mpy_real_q15.obj</file>
         <name>msp_cmplx_mpy_real_q15.obj</name>
      </input_file>
      <input_file id="fl-52">
         <path>.\DSPLib\source\vector\</path>
         <kind>object</kind>
         <file>msp_cmplx_scale_iq31.obj</file>
         <name>msp_cmplx_scale_iq31.obj</name>
      </input_file>
      <input_file id="fl-53">
         <path>.\DSPLib\source\vector\</path>
         <kind>object</kind>
         <file>msp_cmplx_scale_q15.obj</file>
         <name>msp_cmplx_scale_q15.obj</name>
      </input_file>
      <input_file id="fl-54">
         <path>.\DSPLib\source\vector\</path>
         <kind>object</kind>
         <file>msp_cmplx_shift_iq31.obj</file>
         <name>msp_cmplx_shift_iq31.obj</name>
      </input_file>
      <input_file id="fl-55">
         <path>.\DSPLib\source\vector\</path>
         <kind>object</kind>
         <file>msp_cmplx_shift_q15.obj</file>
         <name>msp_cmplx_shift_q15.obj</name>
      </input_file>
      <input_file id="fl-56">
         <path>.\DSPLib\source\vector\</path>
         <kind>object</kind>
         <file>msp_cmplx_sub_iq31.obj</file>
         <name>msp_cmplx_sub_iq31.obj</name>
      </input_file>
      <input_file id="fl-57">
         <path>.\DSPLib\source\vector\</path>
         <kind>object</kind>
         <file>msp_cmplx_sub_q15.obj</file>
         <name>msp_cmplx_sub_q15.obj</name>
      </input_file>
      <input_file id="fl-58">
         <path>.\DSPLib\source\vector\</path>
         <kind>object</kind>
         <file>msp_mac_iq31.obj</file>
         <name>msp_mac_iq31.obj</name>
      </input_file>
      <input_file id="fl-59">
         <path>.\DSPLib\source\vector\</path>
         <kind>object</kind>
         <file>msp_mac_q15.obj</file>
         <name>msp_mac_q15.obj</name>
      </input_file>
      <input_file id="fl-5a">
         <path>.\DSPLib\source\vector\</path>
         <kind>object</kind>
         <file>msp_max_iq31.obj</file>
         <name>msp_max_iq31.obj</name>
      </input_file>
      <input_file id="fl-5b">
         <path>.\DSPLib\source\vector\</path>
         <kind>object</kind>
         <file>msp_max_q15.obj</file>
         <name>msp_max_q15.obj</name>
      </input_file>
      <input_file id="fl-5c">
         <path>.\DSPLib\source\vector\</path>
         <kind>object</kind>
         <file>msp_max_uq15.obj</file>
         <name>msp_max_uq15.obj</name>
      </input_file>
      <input_file id="fl-5d">
         <path>.\DSPLib\source\vector\</path>
         <kind>object</kind>
         <file>msp_max_uq31.obj</file>
         <name>msp_max_uq31.obj</name>
      </input_file>
      <input_file id="fl-5e">
         <path>.\DSPLib\source\vector\</path>
         <kind>object</kind>
         <file>msp_min_iq31.obj</file>
         <name>msp_min_iq31.obj</name>
      </input_file>
      <input_file id="fl-5f">
         <path>.\DSPLib\source\vector\</path>
         <kind>object</kind>
         <file>msp_min_q15.obj</file>
         <name>msp_min_q15.obj</name>
      </input_file>
      <input_file id="fl-60">
         <path>.\DSPLib\source\vector\</path>
         <kind>object</kind>
         <file>msp_min_uq15.obj</file>
         <name>msp_min_uq15.obj</name>
      </input_file>
      <input_file id="fl-61">
         <path>.\DSPLib\source\vector\</path>
         <kind>object</kind>
         <file>msp_min_uq31.obj</file>
         <name>msp_min_uq31.obj</name>
      </input_file>
      <input_file id="fl-62">
         <path>.\DSPLib\source\vector\</path>
         <kind>object</kind>
         <file>msp_mpy_iq31.obj</file>
         <name>msp_mpy_iq31.obj</name>
      </input_file>
      <input_file id="fl-63">
         <path>.\DSPLib\source\vector\</path>
         <kind>object</kind>
         <file>msp_mpy_q15.obj</file>
         <name>msp_mpy_q15.obj</name>
      </input_file>
      <input_file id="fl-64">
         <path>.\DSPLib\source\vector\</path>
         <kind>object</kind>
         <file>msp_neg_iq31.obj</file>
         <name>msp_neg_iq31.obj</name>
      </input_file>
      <input_file id="fl-65">
         <path>.\DSPLib\source\vector\</path>
         <kind>object</kind>
         <file>msp_neg_q15.obj</file>
         <name>msp_neg_q15.obj</name>
      </input_file>
      <input_file id="fl-66">
         <path>.\DSPLib\source\vector\</path>
         <kind>object</kind>
         <file>msp_offset_iq31.obj</file>
         <name>msp_offset_iq31.obj</name>
      </input_file>
      <input_file id="fl-67">
         <path>.\DSPLib\source\vector\</path>
         <kind>object</kind>
         <file>msp_offset_q15.obj</file>
         <name>msp_offset_q15.obj</name>
      </input_file>
      <input_file id="fl-68">
         <path>.\DSPLib\source\vector\</path>
         <kind>object</kind>
         <file>msp_scale_iq31.obj</file>
         <name>msp_scale_iq31.obj</name>
      </input_file>
      <input_file id="fl-69">
         <path>.\DSPLib\source\vector\</path>
         <kind>object</kind>
         <file>msp_scale_q15.obj</file>
         <name>msp_scale_q15.obj</name>
      </input_file>
      <input_file id="fl-6a">
         <path>.\DSPLib\source\vector\</path>
         <kind>object</kind>
         <file>msp_shift_iq31.obj</file>
         <name>msp_shift_iq31.obj</name>
      </input_file>
      <input_file id="fl-6b">
         <path>.\DSPLib\source\vector\</path>
         <kind>object</kind>
         <file>msp_shift_q15.obj</file>
         <name>msp_shift_q15.obj</name>
      </input_file>
      <input_file id="fl-6c">
         <path>.\DSPLib\source\vector\</path>
         <kind>object</kind>
         <file>msp_sub_iq31.obj</file>
         <name>msp_sub_iq31.obj</name>
      </input_file>
      <input_file id="fl-6d">
         <path>.\DSPLib\source\vector\</path>
         <kind>object</kind>
         <file>msp_sub_q15.obj</file>
         <name>msp_sub_q15.obj</name>
      </input_file>
      <input_file id="fl-6e">
         <path>.\decoder\</path>
         <kind>object</kind>
         <file>decoder.obj</file>
         <name>decoder.obj</name>
      </input_file>
      <input_file id="fl-6f">
         <path>.\layers\</path>
         <kind>object</kind>
         <file>layers.obj</file>
         <name>layers.obj</name>
      </input_file>
      <input_file id="fl-70">
         <path>.\math\</path>
         <kind>object</kind>
         <file>fixed_point_ops.obj</file>
         <name>fixed_point_ops.obj</name>
      </input_file>
      <input_file id="fl-71">
         <path>.\math\</path>
         <kind>object</kind>
         <file>matrix_ops.obj</file>
         <name>matrix_ops.obj</name>
      </input_file>
      <input_file id="fl-78">
         <kind>object</kind>
         <file>&lt;internal&gt;</file>
         <name>&lt;internal&gt;</name>
      </input_file>
      <input_file id="fl-98">
         <path>C:\ti\ccs1271\ccs\tools\compiler\ti-cgt-msp430_21.6.1.LTS\lib\</path>
         <kind>archive</kind>
         <file>rts430x_lc_ld_eabi.lib</file>
         <name>copy_decompress_lzss.c.obj</name>
      </input_file>
      <input_file id="fl-99">
         <path>C:\ti\ccs1271\ccs\tools\compiler\ti-cgt-msp430_21.6.1.LTS\lib\</path>
         <kind>archive</kind>
         <file>rts430x_lc_ld_eabi.lib</file>
         <name>copy_decompress_none.c.obj</name>
      </input_file>
      <input_file id="fl-9a">
         <path>C:\ti\ccs1271\ccs\tools\compiler\ti-cgt-msp430_21.6.1.LTS\lib\</path>
         <kind>archive</kind>
         <file>rts430x_lc_ld_eabi.lib</file>
         <name>int19.asm.obj</name>
      </input_file>
      <input_file id="fl-9b">
         <path>C:\ti\ccs1271\ccs\tools\compiler\ti-cgt-msp430_21.6.1.LTS\lib\</path>
         <kind>archive</kind>
         <file>rts430x_lc_ld_eabi.lib</file>
         <name>isr_trap.asm.obj</name>
      </input_file>
      <input_file id="fl-9c">
         <path>C:\ti\ccs1271\ccs\tools\compiler\ti-cgt-msp430_21.6.1.LTS\lib\</path>
         <kind>archive</kind>
         <file>rts430x_lc_ld_eabi.lib</file>
         <name>int20.asm.obj</name>
      </input_file>
      <input_file id="fl-9d">
         <path>C:\ti\ccs1271\ccs\tools\compiler\ti-cgt-msp430_21.6.1.LTS\lib\</path>
         <kind>archive</kind>
         <file>rts430x_lc_ld_eabi.lib</file>
         <name>int21.asm.obj</name>
      </input_file>
      <input_file id="fl-9e">
         <path>C:\ti\ccs1271\ccs\tools\compiler\ti-cgt-msp430_21.6.1.LTS\lib\</path>
         <kind>archive</kind>
         <file>rts430x_lc_ld_eabi.lib</file>
         <name>int22.asm.obj</name>
      </input_file>
      <input_file id="fl-9f">
         <path>C:\ti\ccs1271\ccs\tools\compiler\ti-cgt-msp430_21.6.1.LTS\lib\</path>
         <kind>archive</kind>
         <file>rts430x_lc_ld_eabi.lib</file>
         <name>int23.asm.obj</name>
      </input_file>
      <input_file id="fl-a0">
         <path>C:\ti\ccs1271\ccs\tools\compiler\ti-cgt-msp430_21.6.1.LTS\lib\</path>
         <kind>archive</kind>
         <file>rts430x_lc_ld_eabi.lib</file>
         <name>int24.asm.obj</name>
      </input_file>
      <input_file id="fl-a1">
         <path>C:\ti\ccs1271\ccs\tools\compiler\ti-cgt-msp430_21.6.1.LTS\lib\</path>
         <kind>archive</kind>
         <file>rts430x_lc_ld_eabi.lib</file>
         <name>int25.asm.obj</name>
      </input_file>
      <input_file id="fl-a2">
         <path>C:\ti\ccs1271\ccs\tools\compiler\ti-cgt-msp430_21.6.1.LTS\lib\</path>
         <kind>archive</kind>
         <file>rts430x_lc_ld_eabi.lib</file>
         <name>int26.asm.obj</name>
      </input_file>
      <input_file id="fl-a3">
         <path>C:\ti\ccs1271\ccs\tools\compiler\ti-cgt-msp430_21.6.1.LTS\lib\</path>
         <kind>archive</kind>
         <file>rts430x_lc_ld_eabi.lib</file>
         <name>int27.asm.obj</name>
      </input_file>
      <input_file id="fl-a4">
         <path>C:\ti\ccs1271\ccs\tools\compiler\ti-cgt-msp430_21.6.1.LTS\lib\</path>
         <kind>archive</kind>
         <file>rts430x_lc_ld_eabi.lib</file>
         <name>int28.asm.obj</name>
      </input_file>
      <input_file id="fl-a5">
         <path>C:\ti\ccs1271\ccs\tools\compiler\ti-cgt-msp430_21.6.1.LTS\lib\</path>
         <kind>archive</kind>
         <file>rts430x_lc_ld_eabi.lib</file>
         <name>int29.asm.obj</name>
      </input_file>
      <input_file id="fl-a6">
         <path>C:\ti\ccs1271\ccs\tools\compiler\ti-cgt-msp430_21.6.1.LTS\lib\</path>
         <kind>archive</kind>
         <file>rts430x_lc_ld_eabi.lib</file>
         <name>int30.asm.obj</name>
      </input_file>
      <input_file id="fl-a7">
         <path>C:\ti\ccs1271\ccs\tools\compiler\ti-cgt-msp430_21.6.1.LTS\lib\</path>
         <kind>archive</kind>
         <file>rts430x_lc_ld_eabi.lib</file>
         <name>int31.asm.obj</name>
      </input_file>
      <input_file id="fl-a8">
         <path>C:\ti\ccs1271\ccs\tools\compiler\ti-cgt-msp430_21.6.1.LTS\lib\</path>
         <kind>archive</kind>
         <file>rts430x_lc_ld_eabi.lib</file>
         <name>int32.asm.obj</name>
      </input_file>
      <input_file id="fl-a9">
         <path>C:\ti\ccs1271\ccs\tools\compiler\ti-cgt-msp430_21.6.1.LTS\lib\</path>
         <kind>archive</kind>
         <file>rts430x_lc_ld_eabi.lib</file>
         <name>int33.asm.obj</name>
      </input_file>
      <input_file id="fl-aa">
         <path>C:\ti\ccs1271\ccs\tools\compiler\ti-cgt-msp430_21.6.1.LTS\lib\</path>
         <kind>archive</kind>
         <file>rts430x_lc_ld_eabi.lib</file>
         <name>int34.asm.obj</name>
      </input_file>
      <input_file id="fl-ab">
         <path>C:\ti\ccs1271\ccs\tools\compiler\ti-cgt-msp430_21.6.1.LTS\lib\</path>
         <kind>archive</kind>
         <file>rts430x_lc_ld_eabi.lib</file>
         <name>int35.asm.obj</name>
      </input_file>
      <input_file id="fl-ac">
         <path>C:\ti\ccs1271\ccs\tools\compiler\ti-cgt-msp430_21.6.1.LTS\lib\</path>
         <kind>archive</kind>
         <file>rts430x_lc_ld_eabi.lib</file>
         <name>int36.asm.obj</name>
      </input_file>
      <input_file id="fl-ad">
         <path>C:\ti\ccs1271\ccs\tools\compiler\ti-cgt-msp430_21.6.1.LTS\lib\</path>
         <kind>archive</kind>
         <file>rts430x_lc_ld_eabi.lib</file>
         <name>int37.asm.obj</name>
      </input_file>
      <input_file id="fl-ae">
         <path>C:\ti\ccs1271\ccs\tools\compiler\ti-cgt-msp430_21.6.1.LTS\lib\</path>
         <kind>archive</kind>
         <file>rts430x_lc_ld_eabi.lib</file>
         <name>int38.asm.obj</name>
      </input_file>
      <input_file id="fl-af">
         <path>C:\ti\ccs1271\ccs\tools\compiler\ti-cgt-msp430_21.6.1.LTS\lib\</path>
         <kind>archive</kind>
         <file>rts430x_lc_ld_eabi.lib</file>
         <name>int39.asm.obj</name>
      </input_file>
      <input_file id="fl-b0">
         <path>C:\ti\ccs1271\ccs\tools\compiler\ti-cgt-msp430_21.6.1.LTS\lib\</path>
         <kind>archive</kind>
         <file>rts430x_lc_ld_eabi.lib</file>
         <name>int40.asm.obj</name>
      </input_file>
      <input_file id="fl-b1">
         <path>C:\ti\ccs1271\ccs\tools\compiler\ti-cgt-msp430_21.6.1.LTS\lib\</path>
         <kind>archive</kind>
         <file>rts430x_lc_ld_eabi.lib</file>
         <name>int41.asm.obj</name>
      </input_file>
      <input_file id="fl-b2">
         <path>C:\ti\ccs1271\ccs\tools\compiler\ti-cgt-msp430_21.6.1.LTS\lib\</path>
         <kind>archive</kind>
         <file>rts430x_lc_ld_eabi.lib</file>
         <name>int42.asm.obj</name>
      </input_file>
      <input_file id="fl-b3">
         <path>C:\ti\ccs1271\ccs\tools\compiler\ti-cgt-msp430_21.6.1.LTS\lib\</path>
         <kind>archive</kind>
         <file>rts430x_lc_ld_eabi.lib</file>
         <name>int43.asm.obj</name>
      </input_file>
      <input_file id="fl-b4">
         <path>C:\ti\ccs1271\ccs\tools\compiler\ti-cgt-msp430_21.6.1.LTS\lib\</path>
         <kind>archive</kind>
         <file>rts430x_lc_ld_eabi.lib</file>
         <name>int44.asm.obj</name>
      </input_file>
      <input_file id="fl-b5">
         <path>C:\ti\ccs1271\ccs\tools\compiler\ti-cgt-msp430_21.6.1.LTS\lib\</path>
         <kind>archive</kind>
         <file>rts430x_lc_ld_eabi.lib</file>
         <name>int45.asm.obj</name>
      </input_file>
      <input_file id="fl-b6">
         <path>C:\ti\ccs1271\ccs\tools\compiler\ti-cgt-msp430_21.6.1.LTS\lib\</path>
         <kind>archive</kind>
         <file>rts430x_lc_ld_eabi.lib</file>
         <name>int46.asm.obj</name>
      </input_file>
      <input_file id="fl-b7">
         <path>C:\ti\ccs1271\ccs\tools\compiler\ti-cgt-msp430_21.6.1.LTS\lib\</path>
         <kind>archive</kind>
         <file>rts430x_lc_ld_eabi.lib</file>
         <name>int47.asm.obj</name>
      </input_file>
      <input_file id="fl-b8">
         <path>C:\ti\ccs1271\ccs\tools\compiler\ti-cgt-msp430_21.6.1.LTS\lib\</path>
         <kind>archive</kind>
         <file>rts430x_lc_ld_eabi.lib</file>
         <name>int48.asm.obj</name>
      </input_file>
      <input_file id="fl-b9">
         <path>C:\ti\ccs1271\ccs\tools\compiler\ti-cgt-msp430_21.6.1.LTS\lib\</path>
         <kind>archive</kind>
         <file>rts430x_lc_ld_eabi.lib</file>
         <name>int49.asm.obj</name>
      </input_file>
      <input_file id="fl-ba">
         <path>C:\ti\ccs1271\ccs\tools\compiler\ti-cgt-msp430_21.6.1.LTS\lib\</path>
         <kind>archive</kind>
         <file>rts430x_lc_ld_eabi.lib</file>
         <name>int50.asm.obj</name>
      </input_file>
      <input_file id="fl-bb">
         <path>C:\ti\ccs1271\ccs\tools\compiler\ti-cgt-msp430_21.6.1.LTS\lib\</path>
         <kind>archive</kind>
         <file>rts430x_lc_ld_eabi.lib</file>
         <name>int51.asm.obj</name>
      </input_file>
      <input_file id="fl-bc">
         <path>C:\ti\ccs1271\ccs\tools\compiler\ti-cgt-msp430_21.6.1.LTS\lib\</path>
         <kind>archive</kind>
         <file>rts430x_lc_ld_eabi.lib</file>
         <name>int52.asm.obj</name>
      </input_file>
      <input_file id="fl-bd">
         <path>C:\ti\ccs1271\ccs\tools\compiler\ti-cgt-msp430_21.6.1.LTS\lib\</path>
         <kind>archive</kind>
         <file>rts430x_lc_ld_eabi.lib</file>
         <name>int53.asm.obj</name>
      </input_file>
      <input_file id="fl-be">
         <path>C:\ti\ccs1271\ccs\tools\compiler\ti-cgt-msp430_21.6.1.LTS\lib\</path>
         <kind>archive</kind>
         <file>rts430x_lc_ld_eabi.lib</file>
         <name>int54.asm.obj</name>
      </input_file>
      <input_file id="fl-bf">
         <path>C:\ti\ccs1271\ccs\tools\compiler\ti-cgt-msp430_21.6.1.LTS\lib\</path>
         <kind>archive</kind>
         <file>rts430x_lc_ld_eabi.lib</file>
         <name>copy_zero_init.c.obj</name>
      </input_file>
      <input_file id="fl-c0">
         <path>C:\ti\ccs1271\ccs\tools\compiler\ti-cgt-msp430_21.6.1.LTS\lib\</path>
         <kind>archive</kind>
         <file>rts430x_lc_ld_eabi.lib</file>
         <name>div16s.asm.obj</name>
      </input_file>
      <input_file id="fl-c1">
         <path>C:\ti\ccs1271\ccs\tools\compiler\ti-cgt-msp430_21.6.1.LTS\lib\</path>
         <kind>archive</kind>
         <file>rts430x_lc_ld_eabi.lib</file>
         <name>div32s.asm.obj</name>
      </input_file>
      <input_file id="fl-c2">
         <path>C:\ti\ccs1271\ccs\tools\compiler\ti-cgt-msp430_21.6.1.LTS\lib\</path>
         <kind>archive</kind>
         <file>rts430x_lc_ld_eabi.lib</file>
         <name>div64s.c.obj</name>
      </input_file>
      <input_file id="fl-c3">
         <path>C:\ti\ccs1271\ccs\tools\compiler\ti-cgt-msp430_21.6.1.LTS\lib\</path>
         <kind>archive</kind>
         <file>rts430x_lc_ld_eabi.lib</file>
         <name>div16u.asm.obj</name>
      </input_file>
      <input_file id="fl-c4">
         <path>C:\ti\ccs1271\ccs\tools\compiler\ti-cgt-msp430_21.6.1.LTS\lib\</path>
         <kind>archive</kind>
         <file>rts430x_lc_ld_eabi.lib</file>
         <name>div32u.asm.obj</name>
      </input_file>
      <input_file id="fl-c5">
         <path>C:\ti\ccs1271\ccs\tools\compiler\ti-cgt-msp430_21.6.1.LTS\lib\</path>
         <kind>archive</kind>
         <file>rts430x_lc_ld_eabi.lib</file>
         <name>div64u.c.obj</name>
      </input_file>
      <input_file id="fl-c6">
         <path>C:\ti\ccs1271\ccs\tools\compiler\ti-cgt-msp430_21.6.1.LTS\lib\</path>
         <kind>archive</kind>
         <file>rts430x_lc_ld_eabi.lib</file>
         <name>fs_toi.asm.obj</name>
      </input_file>
      <input_file id="fl-c7">
         <path>C:\ti\ccs1271\ccs\tools\compiler\ti-cgt-msp430_21.6.1.LTS\lib\</path>
         <kind>archive</kind>
         <file>rts430x_lc_ld_eabi.lib</file>
         <name>fs_itof.asm.obj</name>
      </input_file>
      <input_file id="fl-c8">
         <path>C:\ti\ccs1271\ccs\tools\compiler\ti-cgt-msp430_21.6.1.LTS\lib\</path>
         <kind>archive</kind>
         <file>rts430x_lc_ld_eabi.lib</file>
         <name>fs_mpy.asm.obj</name>
      </input_file>
      <input_file id="fl-c9">
         <path>C:\ti\ccs1271\ccs\tools\compiler\ti-cgt-msp430_21.6.1.LTS\lib\</path>
         <kind>archive</kind>
         <file>rts430x_lc_ld_eabi.lib</file>
         <name>mult16.asm.obj</name>
      </input_file>
      <input_file id="fl-ca">
         <path>C:\ti\ccs1271\ccs\tools\compiler\ti-cgt-msp430_21.6.1.LTS\lib\</path>
         <kind>archive</kind>
         <file>rts430x_lc_ld_eabi.lib</file>
         <name>mult16_f5hw.asm.obj</name>
      </input_file>
      <input_file id="fl-cb">
         <path>C:\ti\ccs1271\ccs\tools\compiler\ti-cgt-msp430_21.6.1.LTS\lib\</path>
         <kind>archive</kind>
         <file>rts430x_lc_ld_eabi.lib</file>
         <name>mult32.asm.obj</name>
      </input_file>
      <input_file id="fl-cc">
         <path>C:\ti\ccs1271\ccs\tools\compiler\ti-cgt-msp430_21.6.1.LTS\lib\</path>
         <kind>archive</kind>
         <file>rts430x_lc_ld_eabi.lib</file>
         <name>mult32_f5hw.asm.obj</name>
      </input_file>
      <input_file id="fl-cd">
         <path>C:\ti\ccs1271\ccs\tools\compiler\ti-cgt-msp430_21.6.1.LTS\lib\</path>
         <kind>archive</kind>
         <file>rts430x_lc_ld_eabi.lib</file>
         <name>mult64_f5hw.asm.obj</name>
      </input_file>
      <input_file id="fl-ce">
         <path>C:\ti\ccs1271\ccs\tools\compiler\ti-cgt-msp430_21.6.1.LTS\lib\</path>
         <kind>archive</kind>
         <file>rts430x_lc_ld_eabi.lib</file>
         <name>mult1632.asm.obj</name>
      </input_file>
      <input_file id="fl-cf">
         <path>C:\ti\ccs1271\ccs\tools\compiler\ti-cgt-msp430_21.6.1.LTS\lib\</path>
         <kind>archive</kind>
         <file>rts430x_lc_ld_eabi.lib</file>
         <name>mult1632_f5hw.asm.obj</name>
      </input_file>
      <input_file id="fl-d0">
         <path>C:\ti\ccs1271\ccs\tools\compiler\ti-cgt-msp430_21.6.1.LTS\lib\</path>
         <kind>archive</kind>
         <file>rts430x_lc_ld_eabi.lib</file>
         <name>mult3264.asm.obj</name>
      </input_file>
      <input_file id="fl-d1">
         <path>C:\ti\ccs1271\ccs\tools\compiler\ti-cgt-msp430_21.6.1.LTS\lib\</path>
         <kind>archive</kind>
         <file>rts430x_lc_ld_eabi.lib</file>
         <name>mult64.asm.obj</name>
      </input_file>
      <input_file id="fl-d2">
         <path>C:\ti\ccs1271\ccs\tools\compiler\ti-cgt-msp430_21.6.1.LTS\lib\</path>
         <kind>archive</kind>
         <file>rts430x_lc_ld_eabi.lib</file>
         <name>mult3264_f5hw.asm.obj</name>
      </input_file>
      <input_file id="fl-d3">
         <path>C:\ti\ccs1271\ccs\tools\compiler\ti-cgt-msp430_21.6.1.LTS\lib\</path>
         <kind>archive</kind>
         <file>rts430x_lc_ld_eabi.lib</file>
         <name>lsl16.asm.obj</name>
      </input_file>
      <input_file id="fl-d4">
         <path>C:\ti\ccs1271\ccs\tools\compiler\ti-cgt-msp430_21.6.1.LTS\lib\</path>
         <kind>archive</kind>
         <file>rts430x_lc_ld_eabi.lib</file>
         <name>lsl32.asm.obj</name>
      </input_file>
      <input_file id="fl-d5">
         <path>C:\ti\ccs1271\ccs\tools\compiler\ti-cgt-msp430_21.6.1.LTS\lib\</path>
         <kind>archive</kind>
         <file>rts430x_lc_ld_eabi.lib</file>
         <name>lsl64.c.obj</name>
      </input_file>
      <input_file id="fl-d6">
         <path>C:\ti\ccs1271\ccs\tools\compiler\ti-cgt-msp430_21.6.1.LTS\lib\</path>
         <kind>archive</kind>
         <file>rts430x_lc_ld_eabi.lib</file>
         <name>asr32.asm.obj</name>
      </input_file>
      <input_file id="fl-d7">
         <path>C:\ti\ccs1271\ccs\tools\compiler\ti-cgt-msp430_21.6.1.LTS\lib\</path>
         <kind>archive</kind>
         <file>rts430x_lc_ld_eabi.lib</file>
         <name>asr64.c.obj</name>
      </input_file>
      <input_file id="fl-d8">
         <path>C:\ti\ccs1271\ccs\tools\compiler\ti-cgt-msp430_21.6.1.LTS\lib\</path>
         <kind>archive</kind>
         <file>rts430x_lc_ld_eabi.lib</file>
         <name>lsr32.asm.obj</name>
      </input_file>
      <input_file id="fl-d9">
         <path>C:\ti\ccs1271\ccs\tools\compiler\ti-cgt-msp430_21.6.1.LTS\lib\</path>
         <kind>archive</kind>
         <file>rts430x_lc_ld_eabi.lib</file>
         <name>lsr64.c.obj</name>
      </input_file>
      <input_file id="fl-da">
         <path>C:\ti\ccs1271\ccs\tools\compiler\ti-cgt-msp430_21.6.1.LTS\lib\</path>
         <kind>archive</kind>
         <file>rts430x_lc_ld_eabi.lib</file>
         <name>boot.c.obj</name>
      </input_file>
      <input_file id="fl-db">
         <path>C:\ti\ccs1271\ccs\ccs_base\msp430\lib\FR59xx\</path>
         <kind>archive</kind>
         <file>MSPMPU_INIT_LIB_CCS_msp430_large_code_large_data.lib</file>
         <name>mpu_init.o</name>
      </input_file>
      <input_file id="fl-dc">
         <path>C:\ti\ccs1271\ccs\tools\compiler\ti-cgt-msp430_21.6.1.LTS\lib\</path>
         <kind>archive</kind>
         <file>rts430x_lc_ld_eabi.lib</file>
         <name>args_main.c.obj</name>
      </input_file>
      <input_file id="fl-dd">
         <path>C:\ti\ccs1271\ccs\tools\compiler\ti-cgt-msp430_21.6.1.LTS\lib\</path>
         <kind>archive</kind>
         <file>rts430x_lc_ld_eabi.lib</file>
         <name>autoinit.c.obj</name>
      </input_file>
      <input_file id="fl-de">
         <path>C:\ti\ccs1271\ccs\tools\compiler\ti-cgt-msp430_21.6.1.LTS\lib\</path>
         <kind>archive</kind>
         <file>rts430x_lc_ld_eabi.lib</file>
         <name>startup.c.obj</name>
      </input_file>
      <input_file id="fl-df">
         <path>C:\ti\ccs1271\ccs\tools\compiler\ti-cgt-msp430_21.6.1.LTS\lib\</path>
         <kind>archive</kind>
         <file>rts430x_lc_ld_eabi.lib</file>
         <name>pre_init.c.obj</name>
      </input_file>
      <input_file id="fl-e0">
         <path>C:\ti\ccs1271\ccs\tools\compiler\ti-cgt-msp430_21.6.1.LTS\lib\</path>
         <kind>archive</kind>
         <file>rts430x_lc_ld_eabi.lib</file>
         <name>cpy_tbl.c.obj</name>
      </input_file>
      <input_file id="fl-e1">
         <path>C:\ti\ccs1271\ccs\tools\compiler\ti-cgt-msp430_21.6.1.LTS\lib\</path>
         <kind>archive</kind>
         <file>rts430x_lc_ld_eabi.lib</file>
         <name>exit.c.obj</name>
      </input_file>
      <input_file id="fl-e2">
         <path>C:\ti\ccs1271\ccs\tools\compiler\ti-cgt-msp430_21.6.1.LTS\lib\</path>
         <kind>archive</kind>
         <file>rts430x_lc_ld_eabi.lib</file>
         <name>exit_gvars.c.obj</name>
      </input_file>
      <input_file id="fl-e3">
         <path>C:\ti\ccs1271\ccs\tools\compiler\ti-cgt-msp430_21.6.1.LTS\lib\</path>
         <kind>archive</kind>
         <file>rts430x_lc_ld_eabi.lib</file>
         <name>_lock.c.obj</name>
      </input_file>
      <input_file id="fl-e4">
         <path>C:\ti\ccs1271\ccs\tools\compiler\ti-cgt-msp430_21.6.1.LTS\lib\</path>
         <kind>archive</kind>
         <file>rts430x_lc_ld_eabi.lib</file>
         <name>llabs.c.obj</name>
      </input_file>
      <input_file id="fl-e5">
         <path>C:\ti\ccs1271\ccs\tools\compiler\ti-cgt-msp430_21.6.1.LTS\lib\</path>
         <kind>archive</kind>
         <file>rts430x_lc_ld_eabi.lib</file>
         <name>memcpy.c.obj</name>
      </input_file>
      <input_file id="fl-e6">
         <path>C:\ti\ccs1271\ccs\tools\compiler\ti-cgt-msp430_21.6.1.LTS\lib\</path>
         <kind>archive</kind>
         <file>rts430x_lc_ld_eabi.lib</file>
         <name>memset.c.obj</name>
      </input_file>
      <input_file id="fl-e7">
         <path>C:\ti\ccs1271\ccs\tools\compiler\ti-cgt-msp430_21.6.1.LTS\lib\</path>
         <kind>archive</kind>
         <file>rts430x_lc_ld_eabi.lib</file>
         <name>printf.c.obj</name>
      </input_file>
      <input_file id="fl-e8">
         <path>C:\ti\ccs1271\ccs\tools\compiler\ti-cgt-msp430_21.6.1.LTS\lib\</path>
         <kind>archive</kind>
         <file>rts430x_lc_ld_eabi.lib</file>
         <name>_printfi.c.obj</name>
      </input_file>
      <input_file id="fl-e9">
         <path>C:\ti\ccs1271\ccs\tools\compiler\ti-cgt-msp430_21.6.1.LTS\lib\</path>
         <kind>archive</kind>
         <file>rts430x_lc_ld_eabi.lib</file>
         <name>_ltoa.c.obj</name>
      </input_file>
      <input_file id="fl-ea">
         <path>C:\ti\ccs1271\ccs\tools\compiler\ti-cgt-msp430_21.6.1.LTS\lib\</path>
         <kind>archive</kind>
         <file>rts430x_lc_ld_eabi.lib</file>
         <name>cmpd.c.obj</name>
      </input_file>
      <input_file id="fl-eb">
         <path>C:\ti\ccs1271\ccs\tools\compiler\ti-cgt-msp430_21.6.1.LTS\lib\</path>
         <kind>archive</kind>
         <file>rts430x_lc_ld_eabi.lib</file>
         <name>divd.c.obj</name>
      </input_file>
      <input_file id="fl-ec">
         <path>C:\ti\ccs1271\ccs\tools\compiler\ti-cgt-msp430_21.6.1.LTS\lib\</path>
         <kind>archive</kind>
         <file>rts430x_lc_ld_eabi.lib</file>
         <name>frcdivd.c.obj</name>
      </input_file>
      <input_file id="fl-ed">
         <path>C:\ti\ccs1271\ccs\tools\compiler\ti-cgt-msp430_21.6.1.LTS\lib\</path>
         <kind>archive</kind>
         <file>rts430x_lc_ld_eabi.lib</file>
         <name>fixdi.c.obj</name>
      </input_file>
      <input_file id="fl-ee">
         <path>C:\ti\ccs1271\ccs\tools\compiler\ti-cgt-msp430_21.6.1.LTS\lib\</path>
         <kind>archive</kind>
         <file>rts430x_lc_ld_eabi.lib</file>
         <name>fixdli.c.obj</name>
      </input_file>
      <input_file id="fl-ef">
         <path>C:\ti\ccs1271\ccs\tools\compiler\ti-cgt-msp430_21.6.1.LTS\lib\</path>
         <kind>archive</kind>
         <file>rts430x_lc_ld_eabi.lib</file>
         <name>fltid.c.obj</name>
      </input_file>
      <input_file id="fl-f0">
         <path>C:\ti\ccs1271\ccs\tools\compiler\ti-cgt-msp430_21.6.1.LTS\lib\</path>
         <kind>archive</kind>
         <file>rts430x_lc_ld_eabi.lib</file>
         <name>fltlid.c.obj</name>
      </input_file>
      <input_file id="fl-f1">
         <path>C:\ti\ccs1271\ccs\tools\compiler\ti-cgt-msp430_21.6.1.LTS\lib\</path>
         <kind>archive</kind>
         <file>rts430x_lc_ld_eabi.lib</file>
         <name>mpyd.c.obj</name>
      </input_file>
      <input_file id="fl-f2">
         <path>C:\ti\ccs1271\ccs\tools\compiler\ti-cgt-msp430_21.6.1.LTS\lib\</path>
         <kind>archive</kind>
         <file>rts430x_lc_ld_eabi.lib</file>
         <name>frcmpyd.c.obj</name>
      </input_file>
      <input_file id="fl-f3">
         <path>C:\ti\ccs1271\ccs\tools\compiler\ti-cgt-msp430_21.6.1.LTS\lib\</path>
         <kind>archive</kind>
         <file>rts430x_lc_ld_eabi.lib</file>
         <name>negd.c.obj</name>
      </input_file>
      <input_file id="fl-f4">
         <path>C:\ti\ccs1271\ccs\tools\compiler\ti-cgt-msp430_21.6.1.LTS\lib\</path>
         <kind>archive</kind>
         <file>rts430x_lc_ld_eabi.lib</file>
         <name>subd.c.obj</name>
      </input_file>
      <input_file id="fl-f5">
         <path>C:\ti\ccs1271\ccs\tools\compiler\ti-cgt-msp430_21.6.1.LTS\lib\</path>
         <kind>archive</kind>
         <file>rts430x_lc_ld_eabi.lib</file>
         <name>addd.c.obj</name>
      </input_file>
      <input_file id="fl-f6">
         <path>C:\ti\ccs1271\ccs\tools\compiler\ti-cgt-msp430_21.6.1.LTS\lib\</path>
         <kind>archive</kind>
         <file>rts430x_lc_ld_eabi.lib</file>
         <name>defs.c.obj</name>
      </input_file>
      <input_file id="fl-f7">
         <path>C:\ti\ccs1271\ccs\tools\compiler\ti-cgt-msp430_21.6.1.LTS\lib\</path>
         <kind>archive</kind>
         <file>rts430x_lc_ld_eabi.lib</file>
         <name>abs.c.obj</name>
      </input_file>
      <input_file id="fl-f8">
         <path>C:\ti\ccs1271\ccs\tools\compiler\ti-cgt-msp430_21.6.1.LTS\lib\</path>
         <kind>archive</kind>
         <file>rts430x_lc_ld_eabi.lib</file>
         <name>atoi.c.obj</name>
      </input_file>
      <input_file id="fl-f9">
         <path>C:\ti\ccs1271\ccs\tools\compiler\ti-cgt-msp430_21.6.1.LTS\lib\</path>
         <kind>archive</kind>
         <file>rts430x_lc_ld_eabi.lib</file>
         <name>ctype.c.obj</name>
      </input_file>
      <input_file id="fl-fa">
         <path>C:\ti\ccs1271\ccs\tools\compiler\ti-cgt-msp430_21.6.1.LTS\lib\</path>
         <kind>archive</kind>
         <file>rts430x_lc_ld_eabi.lib</file>
         <name>errno.c.obj</name>
      </input_file>
      <input_file id="fl-fb">
         <path>C:\ti\ccs1271\ccs\tools\compiler\ti-cgt-msp430_21.6.1.LTS\lib\</path>
         <kind>archive</kind>
         <file>rts430x_lc_ld_eabi.lib</file>
         <name>fputc.c.obj</name>
      </input_file>
      <input_file id="fl-fc">
         <path>C:\ti\ccs1271\ccs\tools\compiler\ti-cgt-msp430_21.6.1.LTS\lib\</path>
         <kind>archive</kind>
         <file>rts430x_lc_ld_eabi.lib</file>
         <name>fflush.c.obj</name>
      </input_file>
      <input_file id="fl-fd">
         <path>C:\ti\ccs1271\ccs\tools\compiler\ti-cgt-msp430_21.6.1.LTS\lib\</path>
         <kind>archive</kind>
         <file>rts430x_lc_ld_eabi.lib</file>
         <name>_io_perm.c.obj</name>
      </input_file>
      <input_file id="fl-fe">
         <path>C:\ti\ccs1271\ccs\tools\compiler\ti-cgt-msp430_21.6.1.LTS\lib\</path>
         <kind>archive</kind>
         <file>rts430x_lc_ld_eabi.lib</file>
         <name>fputs.c.obj</name>
      </input_file>
      <input_file id="fl-ff">
         <path>C:\ti\ccs1271\ccs\tools\compiler\ti-cgt-msp430_21.6.1.LTS\lib\</path>
         <kind>archive</kind>
         <file>rts430x_lc_ld_eabi.lib</file>
         <name>s_frexp.c.obj</name>
      </input_file>
      <input_file id="fl-100">
         <path>C:\ti\ccs1271\ccs\tools\compiler\ti-cgt-msp430_21.6.1.LTS\lib\</path>
         <kind>archive</kind>
         <file>rts430x_lc_ld_eabi.lib</file>
         <name>fseek.c.obj</name>
      </input_file>
      <input_file id="fl-101">
         <path>C:\ti\ccs1271\ccs\tools\compiler\ti-cgt-msp430_21.6.1.LTS\lib\</path>
         <kind>archive</kind>
         <file>rts430x_lc_ld_eabi.lib</file>
         <name>s_scalbn.c.obj</name>
      </input_file>
      <input_file id="fl-102">
         <path>C:\ti\ccs1271\ccs\tools\compiler\ti-cgt-msp430_21.6.1.LTS\lib\</path>
         <kind>archive</kind>
         <file>rts430x_lc_ld_eabi.lib</file>
         <name>s_copysign.c.obj</name>
      </input_file>
      <input_file id="fl-103">
         <path>C:\ti\ccs1271\ccs\tools\compiler\ti-cgt-msp430_21.6.1.LTS\lib\</path>
         <kind>archive</kind>
         <file>rts430x_lc_ld_eabi.lib</file>
         <name>lseek.c.obj</name>
      </input_file>
      <input_file id="fl-104">
         <path>C:\ti\ccs1271\ccs\tools\compiler\ti-cgt-msp430_21.6.1.LTS\lib\</path>
         <kind>archive</kind>
         <file>rts430x_lc_ld_eabi.lib</file>
         <name>host_device.c.obj</name>
      </input_file>
      <input_file id="fl-105">
         <path>C:\ti\ccs1271\ccs\tools\compiler\ti-cgt-msp430_21.6.1.LTS\lib\</path>
         <kind>archive</kind>
         <file>rts430x_lc_ld_eabi.lib</file>
         <name>hostclose.c.obj</name>
      </input_file>
      <input_file id="fl-106">
         <path>C:\ti\ccs1271\ccs\tools\compiler\ti-cgt-msp430_21.6.1.LTS\lib\</path>
         <kind>archive</kind>
         <file>rts430x_lc_ld_eabi.lib</file>
         <name>hostlseek.c.obj</name>
      </input_file>
      <input_file id="fl-107">
         <path>C:\ti\ccs1271\ccs\tools\compiler\ti-cgt-msp430_21.6.1.LTS\lib\</path>
         <kind>archive</kind>
         <file>rts430x_lc_ld_eabi.lib</file>
         <name>hostopen.c.obj</name>
      </input_file>
      <input_file id="fl-108">
         <path>C:\ti\ccs1271\ccs\tools\compiler\ti-cgt-msp430_21.6.1.LTS\lib\</path>
         <kind>archive</kind>
         <file>rts430x_lc_ld_eabi.lib</file>
         <name>hostread.c.obj</name>
      </input_file>
      <input_file id="fl-109">
         <path>C:\ti\ccs1271\ccs\tools\compiler\ti-cgt-msp430_21.6.1.LTS\lib\</path>
         <kind>archive</kind>
         <file>rts430x_lc_ld_eabi.lib</file>
         <name>hostrename.c.obj</name>
      </input_file>
      <input_file id="fl-10a">
         <path>C:\ti\ccs1271\ccs\tools\compiler\ti-cgt-msp430_21.6.1.LTS\lib\</path>
         <kind>archive</kind>
         <file>rts430x_lc_ld_eabi.lib</file>
         <name>hostunlink.c.obj</name>
      </input_file>
      <input_file id="fl-10b">
         <path>C:\ti\ccs1271\ccs\tools\compiler\ti-cgt-msp430_21.6.1.LTS\lib\</path>
         <kind>archive</kind>
         <file>rts430x_lc_ld_eabi.lib</file>
         <name>hostwrite.c.obj</name>
      </input_file>
      <input_file id="fl-10c">
         <path>C:\ti\ccs1271\ccs\tools\compiler\ti-cgt-msp430_21.6.1.LTS\lib\</path>
         <kind>archive</kind>
         <file>rts430x_lc_ld_eabi.lib</file>
         <name>trgmsg.c.obj</name>
      </input_file>
      <input_file id="fl-10d">
         <path>C:\ti\ccs1271\ccs\tools\compiler\ti-cgt-msp430_21.6.1.LTS\lib\</path>
         <kind>archive</kind>
         <file>rts430x_lc_ld_eabi.lib</file>
         <name>memccpy.c.obj</name>
      </input_file>
      <input_file id="fl-10e">
         <path>C:\ti\ccs1271\ccs\tools\compiler\ti-cgt-msp430_21.6.1.LTS\lib\</path>
         <kind>archive</kind>
         <file>rts430x_lc_ld_eabi.lib</file>
         <name>memchr.c.obj</name>
      </input_file>
      <input_file id="fl-10f">
         <path>C:\ti\ccs1271\ccs\tools\compiler\ti-cgt-msp430_21.6.1.LTS\lib\</path>
         <kind>archive</kind>
         <file>rts430x_lc_ld_eabi.lib</file>
         <name>setvbuf.c.obj</name>
      </input_file>
      <input_file id="fl-110">
         <path>C:\ti\ccs1271\ccs\tools\compiler\ti-cgt-msp430_21.6.1.LTS\lib\</path>
         <kind>archive</kind>
         <file>rts430x_lc_ld_eabi.lib</file>
         <name>fopen.c.obj</name>
      </input_file>
      <input_file id="fl-111">
         <path>C:\ti\ccs1271\ccs\tools\compiler\ti-cgt-msp430_21.6.1.LTS\lib\</path>
         <kind>archive</kind>
         <file>rts430x_lc_ld_eabi.lib</file>
         <name>fclose.c.obj</name>
      </input_file>
      <input_file id="fl-112">
         <path>C:\ti\ccs1271\ccs\tools\compiler\ti-cgt-msp430_21.6.1.LTS\lib\</path>
         <kind>archive</kind>
         <file>rts430x_lc_ld_eabi.lib</file>
         <name>close.c.obj</name>
      </input_file>
      <input_file id="fl-113">
         <path>C:\ti\ccs1271\ccs\tools\compiler\ti-cgt-msp430_21.6.1.LTS\lib\</path>
         <kind>archive</kind>
         <file>rts430x_lc_ld_eabi.lib</file>
         <name>memory.c.obj</name>
      </input_file>
      <input_file id="fl-114">
         <path>C:\ti\ccs1271\ccs\tools\compiler\ti-cgt-msp430_21.6.1.LTS\lib\</path>
         <kind>archive</kind>
         <file>rts430x_lc_ld_eabi.lib</file>
         <name>open.c.obj</name>
      </input_file>
      <input_file id="fl-115">
         <path>C:\ti\ccs1271\ccs\tools\compiler\ti-cgt-msp430_21.6.1.LTS\lib\</path>
         <kind>archive</kind>
         <file>rts430x_lc_ld_eabi.lib</file>
         <name>getdevice.c.obj</name>
      </input_file>
      <input_file id="fl-116">
         <path>C:\ti\ccs1271\ccs\tools\compiler\ti-cgt-msp430_21.6.1.LTS\lib\</path>
         <kind>archive</kind>
         <file>rts430x_lc_ld_eabi.lib</file>
         <name>remove.c.obj</name>
      </input_file>
      <input_file id="fl-117">
         <path>C:\ti\ccs1271\ccs\tools\compiler\ti-cgt-msp430_21.6.1.LTS\lib\</path>
         <kind>archive</kind>
         <file>rts430x_lc_ld_eabi.lib</file>
         <name>strchr.c.obj</name>
      </input_file>
      <input_file id="fl-118">
         <path>C:\ti\ccs1271\ccs\tools\compiler\ti-cgt-msp430_21.6.1.LTS\lib\</path>
         <kind>archive</kind>
         <file>rts430x_lc_ld_eabi.lib</file>
         <name>strcmp.c.obj</name>
      </input_file>
      <input_file id="fl-119">
         <path>C:\ti\ccs1271\ccs\tools\compiler\ti-cgt-msp430_21.6.1.LTS\lib\</path>
         <kind>archive</kind>
         <file>rts430x_lc_ld_eabi.lib</file>
         <name>strcpy.c.obj</name>
      </input_file>
      <input_file id="fl-11a">
         <path>C:\ti\ccs1271\ccs\tools\compiler\ti-cgt-msp430_21.6.1.LTS\lib\</path>
         <kind>archive</kind>
         <file>rts430x_lc_ld_eabi.lib</file>
         <name>strlen.c.obj</name>
      </input_file>
      <input_file id="fl-11b">
         <path>C:\ti\ccs1271\ccs\tools\compiler\ti-cgt-msp430_21.6.1.LTS\lib\</path>
         <kind>archive</kind>
         <file>rts430x_lc_ld_eabi.lib</file>
         <name>strncpy.c.obj</name>
      </input_file>
      <input_file id="fl-11c">
         <path>C:\ti\ccs1271\ccs\tools\compiler\ti-cgt-msp430_21.6.1.LTS\lib\</path>
         <kind>archive</kind>
         <file>rts430x_lc_ld_eabi.lib</file>
         <name>toupper.c.obj</name>
      </input_file>
      <input_file id="fl-11d">
         <path>C:\ti\ccs1271\ccs\tools\compiler\ti-cgt-msp430_21.6.1.LTS\lib\</path>
         <kind>archive</kind>
         <file>rts430x_lc_ld_eabi.lib</file>
         <name>unlink.c.obj</name>
      </input_file>
      <input_file id="fl-11e">
         <path>C:\ti\ccs1271\ccs\tools\compiler\ti-cgt-msp430_21.6.1.LTS\lib\</path>
         <kind>archive</kind>
         <file>rts430x_lc_ld_eabi.lib</file>
         <name>wcslen.c.obj</name>
      </input_file>
      <input_file id="fl-11f">
         <path>C:\ti\ccs1271\ccs\tools\compiler\ti-cgt-msp430_21.6.1.LTS\lib\</path>
         <kind>archive</kind>
         <file>rts430x_lc_ld_eabi.lib</file>
         <name>write.c.obj</name>
      </input_file>
   </input_file_list>
   <object_component_list>
      <object_component id="oc-87e">
         <name>.TI.persistent:MODEL_ARRAY_TEMP</name>
         <load_address>0x4000</load_address>
         <run_address>0x4000</run_address>
         <size>0x8000</size>
         <input_file_ref idref="fl-6e"/>
      </object_component>
      <object_component id="oc-7c3">
         <name>.TI.persistent:input_buffer</name>
         <load_address>0xc000</load_address>
         <run_address>0xc000</run_address>
         <size>0x1260</size>
         <input_file_ref idref="fl-3"/>
      </object_component>
      <object_component id="oc-a6e">
         <name>.TI.persistent:PADDING_BUFFER</name>
         <load_address>0xd260</load_address>
         <run_address>0xd260</run_address>
         <size>0x1000</size>
         <input_file_ref idref="fl-6f"/>
      </object_component>
      <object_component id="oc-a04">
         <name>.TI.persistent:FILTER_BUFFER</name>
         <load_address>0xe260</load_address>
         <run_address>0xe260</run_address>
         <size>0x800</size>
         <input_file_ref idref="fl-6f"/>
      </object_component>
      <object_component id="oc-7b8">
         <name>.TI.persistent:output_buffer</name>
         <load_address>0xea60</load_address>
         <run_address>0xea60</run_address>
         <size>0x28</size>
         <input_file_ref idref="fl-3"/>
      </object_component>
      <object_component id="oc-bad">
         <name>.cio</name>
         <load_address>0xea88</load_address>
         <run_address>0xea88</run_address>
         <size>0x120</size>
         <input_file_ref idref="fl-10c"/>
      </object_component>
      <object_component id="oc-6c5">
         <name>.sysmem</name>
         <load_address>0xeba8</load_address>
         <run_address>0xeba8</run_address>
         <size>0x8</size>
         <input_file_ref idref="fl-113"/>
      </object_component>
      <object_component id="oc-c7a">
         <name>.sysmem</name>
         <load_address>0xeba8</load_address>
         <run_address>0xeba8</run_address>
         <size>0x0</size>
      </object_component>
      <object_component id="oc-c77">
         <name>.cinit..data.load</name>
         <load_address>0xf0a6</load_address>
         <run_address>0xf0a6</run_address>
         <size>0x52</size>
      </object_component>
      <object_component id="oc-c74">
         <name>__TI_handler_table</name>
         <load_address>0xf0f8</load_address>
         <run_address>0xf0f8</run_address>
         <size>0xc</size>
      </object_component>
      <object_component id="oc-c76">
         <name>.cinit..bss.load</name>
         <load_address>0xf104</load_address>
         <run_address>0xf104</run_address>
         <size>0x6</size>
      </object_component>
      <object_component id="oc-c78">
         <name>.cinit..leaRAM.load</name>
         <load_address>0xf10a</load_address>
         <run_address>0xf10a</run_address>
         <size>0x6</size>
      </object_component>
      <object_component id="oc-c75">
         <name>__TI_cinit_table</name>
         <load_address>0xf110</load_address>
         <run_address>0xf110</run_address>
         <size>0x18</size>
      </object_component>
      <object_component id="oc-c01">
         <name>.binit</name>
         <load_address>0x4000</load_address>
         <run_address>0x4000</run_address>
         <size>0x0</size>
      </object_component>
      <object_component id="oc-6fd">
         <name>.text:_isr:_c_int00_noargs</name>
         <load_address>0xf000</load_address>
         <run_address>0xf000</run_address>
         <size>0x1c</size>
         <input_file_ref idref="fl-da"/>
      </object_component>
      <object_component id="oc-6e0">
         <name>.text:_isr:msp_lea_isr</name>
         <load_address>0xf01c</load_address>
         <run_address>0xf01c</run_address>
         <size>0x1c</size>
         <input_file_ref idref="fl-10"/>
      </object_component>
      <object_component id="oc-6e6">
         <name>.text:_isr:__TI_ISR_TRAP</name>
         <load_address>0xf038</load_address>
         <run_address>0xf038</run_address>
         <size>0x8</size>
         <input_file_ref idref="fl-9b"/>
      </object_component>
      <object_component id="oc-9b7">
         <name>.const:.string</name>
         <load_address>0xf040</load_address>
         <run_address>0xf040</run_address>
         <size>0x26</size>
         <input_file_ref idref="fl-e8"/>
      </object_component>
      <object_component id="oc-b3c">
         <name>.const:msp_shift_right_factor_q15</name>
         <load_address>0xf066</load_address>
         <run_address>0xf066</run_address>
         <size>0x20</size>
         <input_file_ref idref="fl-6b"/>
      </object_component>
      <object_component id="oc-7a2">
         <name>.const:.string</name>
         <load_address>0xf086</load_address>
         <run_address>0xf086</run_address>
         <size>0x18</size>
         <input_file_ref idref="fl-3"/>
      </object_component>
      <object_component id="oc-913">
         <name>.const</name>
         <load_address>0xf09e</load_address>
         <run_address>0xf09e</run_address>
         <size>0x4</size>
         <input_file_ref idref="fl-6f"/>
      </object_component>
      <object_component id="oc-9d2">
         <name>.const</name>
         <load_address>0xf0a2</load_address>
         <run_address>0xf0a2</run_address>
         <size>0x4</size>
         <input_file_ref idref="fl-71"/>
      </object_component>
      <object_component id="oc-7c6">
         <name>.text:apply_model</name>
         <load_address>0x1e466</load_address>
         <run_address>0x1e466</run_address>
         <size>0x3aa</size>
         <input_file_ref idref="fl-6e"/>
      </object_component>
      <object_component id="oc-ac6">
         <name>.text:msp_shift_q15</name>
         <load_address>0x1e810</load_address>
         <run_address>0x1e810</run_address>
         <size>0x1e0</size>
         <input_file_ref idref="fl-6b"/>
      </object_component>
      <object_component id="oc-a4b">
         <name>.text:msp_matrix_mpy_q15</name>
         <load_address>0x1e9f0</load_address>
         <run_address>0x1e9f0</run_address>
         <size>0x1ce</size>
         <input_file_ref idref="fl-17"/>
      </object_component>
      <object_component id="oc-90d">
         <name>.text:matrix_multiply_reduce</name>
         <load_address>0x1ebbe</load_address>
         <run_address>0x1ebbe</run_address>
         <size>0x1bc</size>
         <input_file_ref idref="fl-71"/>
      </object_component>
      <object_component id="oc-a0d">
         <name>.text:filter_im2col</name>
         <load_address>0x1ed7a</load_address>
         <run_address>0x1ed7a</run_address>
         <size>0x1ba</size>
         <input_file_ref idref="fl-71"/>
      </object_component>
      <object_component id="oc-aee">
         <name>.text:aligned_alloc</name>
         <load_address>0x1ef34</load_address>
         <run_address>0x1ef34</run_address>
         <size>0x1b6</size>
         <input_file_ref idref="fl-113"/>
      </object_component>
      <object_component id="oc-9db">
         <name>.text:matrix_multiply</name>
         <load_address>0x1f0ea</load_address>
         <run_address>0x1f0ea</run_address>
         <size>0x1b0</size>
         <input_file_ref idref="fl-71"/>
      </object_component>
      <object_component id="oc-94c">
         <name>.text:filters_sum</name>
         <load_address>0x1f29a</load_address>
         <run_address>0x1f29a</run_address>
         <size>0x174</size>
         <input_file_ref idref="fl-6f"/>
      </object_component>
      <object_component id="oc-8e7">
         <name>.text:__TI_printfi_minimal:_setfield___TI_printfi_minimal</name>
         <load_address>0x1f40e</load_address>
         <run_address>0x1f40e</run_address>
         <size>0x172</size>
         <input_file_ref idref="fl-e8"/>
      </object_component>
      <object_component id="oc-8d3">
         <name>.text:fputs</name>
         <load_address>0x1f580</load_address>
         <run_address>0x1f580</run_address>
         <size>0x15a</size>
         <input_file_ref idref="fl-fe"/>
      </object_component>
      <object_component id="oc-a80">
         <name>.text:free</name>
         <load_address>0x1f6da</load_address>
         <run_address>0x1f6da</run_address>
         <size>0x14c</size>
         <input_file_ref idref="fl-113"/>
      </object_component>
      <object_component id="oc-b3f">
         <name>.text:msp_copy_q15</name>
         <load_address>0x1f826</load_address>
         <run_address>0x1f826</run_address>
         <size>0x134</size>
         <input_file_ref idref="fl-3a"/>
      </object_component>
      <object_component id="oc-872">
         <name>.text:conv2d</name>
         <load_address>0x1f95a</load_address>
         <run_address>0x1f95a</run_address>
         <size>0x11e</size>
         <input_file_ref idref="fl-6f"/>
      </object_component>
      <object_component id="oc-a24">
         <name>.text:setvbuf</name>
         <load_address>0x1fa78</load_address>
         <run_address>0x1fa78</run_address>
         <size>0xfa</size>
         <input_file_ref idref="fl-10f"/>
      </object_component>
      <object_component id="oc-828">
         <name>.text:__TI_printfi_minimal:__TI_printfi_minimal</name>
         <load_address>0x1fb72</load_address>
         <run_address>0x1fb72</run_address>
         <size>0xe4</size>
         <input_file_ref idref="fl-e8"/>
      </object_component>
      <object_component id="oc-9b8">
         <name>.text:__TI_printfi_minimal:_pproc_diouxp___TI_printfi_minimal</name>
         <load_address>0x1fc56</load_address>
         <run_address>0x1fc56</run_address>
         <size>0xda</size>
         <input_file_ref idref="fl-e8"/>
      </object_component>
      <object_component id="oc-a07">
         <name>.text:padding_same</name>
         <load_address>0x1fd30</load_address>
         <run_address>0x1fd30</run_address>
         <size>0xd6</size>
         <input_file_ref idref="fl-6f"/>
      </object_component>
      <object_component id="oc-9d5">
         <name>.text:matrix_multiply_vanilla</name>
         <load_address>0x1fe06</load_address>
         <run_address>0x1fe06</run_address>
         <size>0xd4</size>
         <input_file_ref idref="fl-71"/>
      </object_component>
      <object_component id="oc-945">
         <name>.text:maxpooling</name>
         <load_address>0x1feda</load_address>
         <run_address>0x1feda</run_address>
         <size>0xc6</size>
         <input_file_ref idref="fl-6f"/>
      </object_component>
      <object_component id="oc-b55">
         <name>.text:split</name>
         <load_address>0x1ffa0</load_address>
         <run_address>0x1ffa0</run_address>
         <size>0xc2</size>
         <input_file_ref idref="fl-113"/>
      </object_component>
      <object_component id="oc-916">
         <name>.text:matrix_add</name>
         <load_address>0x20062</load_address>
         <run_address>0x20062</run_address>
         <size>0xba</size>
         <input_file_ref idref="fl-71"/>
      </object_component>
      <object_component id="oc-935">
         <name>.text:fp_tanh</name>
         <load_address>0x2011c</load_address>
         <run_address>0x2011c</run_address>
         <size>0xa6</size>
         <input_file_ref idref="fl-70"/>
      </object_component>
      <object_component id="oc-753">
         <name>.text:main</name>
         <load_address>0x201c2</load_address>
         <run_address>0x201c2</run_address>
         <size>0xa6</size>
         <input_file_ref idref="fl-3"/>
      </object_component>
      <object_component id="oc-b19">
         <name>.text:HOSTlseek</name>
         <load_address>0x20268</load_address>
         <run_address>0x20268</run_address>
         <size>0x9a</size>
         <input_file_ref idref="fl-106"/>
      </object_component>
      <object_component id="oc-8da">
         <name>.text:fputc</name>
         <load_address>0x20302</load_address>
         <run_address>0x20302</run_address>
         <size>0x90</size>
         <input_file_ref idref="fl-fb"/>
      </object_component>
      <object_component id="oc-993">
         <name>.text:__TI_wrt_ok</name>
         <load_address>0x20392</load_address>
         <run_address>0x20392</run_address>
         <size>0x86</size>
         <input_file_ref idref="fl-fd"/>
      </object_component>
      <object_component id="oc-86c">
         <name>.text:maxpooling_filters</name>
         <load_address>0x20418</load_address>
         <run_address>0x20418</run_address>
         <size>0x80</size>
         <input_file_ref idref="fl-6f"/>
      </object_component>
      <object_component id="oc-7fa">
         <name>.text:__TI_auto_init_nobinit_nopinit_hold_wdt:__TI_auto_init_nobinit_nopinit_hold_wdt</name>
         <load_address>0x20498</load_address>
         <run_address>0x20498</run_address>
         <size>0x78</size>
         <input_file_ref idref="fl-dd"/>
      </object_component>
      <object_component id="oc-84">
         <name>.text:decompress:lzss:__TI_decompress_lzss</name>
         <load_address>0x20510</load_address>
         <run_address>0x20510</run_address>
         <size>0x76</size>
         <input_file_ref idref="fl-98"/>
      </object_component>
      <object_component id="oc-b25">
         <name>.text:HOSTrename</name>
         <load_address>0x20586</load_address>
         <run_address>0x20586</run_address>
         <size>0x74</size>
         <input_file_ref idref="fl-109"/>
      </object_component>
      <object_component id="oc-af5">
         <name>.text:__TI_closefile</name>
         <load_address>0x205fa</load_address>
         <run_address>0x205fa</run_address>
         <size>0x74</size>
         <input_file_ref idref="fl-111"/>
      </object_component>
      <object_component id="oc-b01">
         <name>.text:HOSTopen</name>
         <load_address>0x2066e</load_address>
         <run_address>0x2066e</run_address>
         <size>0x70</size>
         <input_file_ref idref="fl-107"/>
      </object_component>
      <object_component id="oc-a1e">
         <name>.text:fseeko</name>
         <load_address>0x206de</load_address>
         <run_address>0x206de</run_address>
         <size>0x70</size>
         <input_file_ref idref="fl-100"/>
      </object_component>
      <object_component id="oc-7a9">
         <name>.text:init_gpio</name>
         <load_address>0x2074e</load_address>
         <run_address>0x2074e</run_address>
         <size>0x6e</size>
         <input_file_ref idref="fl-2"/>
      </object_component>
      <object_component id="oc-b13">
         <name>.text:HOSTwrite</name>
         <load_address>0x207bc</load_address>
         <run_address>0x207bc</run_address>
         <size>0x6c</size>
         <input_file_ref idref="fl-10b"/>
      </object_component>
      <object_component id="oc-861">
         <name>.text:flatten</name>
         <load_address>0x20828</load_address>
         <run_address>0x20828</run_address>
         <size>0x6c</size>
         <input_file_ref idref="fl-6f"/>
      </object_component>
      <object_component id="oc-b0d">
         <name>.text:HOSTread</name>
         <load_address>0x20894</load_address>
         <run_address>0x20894</run_address>
         <size>0x6a</size>
         <input_file_ref idref="fl-108"/>
      </object_component>
      <object_component id="oc-ba1">
         <name>.text:getdevice</name>
         <load_address>0x208fe</load_address>
         <run_address>0x208fe</run_address>
         <size>0x62</size>
         <input_file_ref idref="fl-115"/>
      </object_component>
      <object_component id="oc-99f">
         <name>.text:__TI_doflush</name>
         <load_address>0x20960</load_address>
         <run_address>0x20960</run_address>
         <size>0x60</size>
         <input_file_ref idref="fl-fc"/>
      </object_component>
      <object_component id="oc-a51">
         <name>.text:msp_checkStatus</name>
         <load_address>0x209c0</load_address>
         <run_address>0x209c0</run_address>
         <size>0x60</size>
         <input_file_ref idref="fl-71"/>
      </object_component>
      <object_component id="oc-91c">
         <name>.text:apply_elementwise</name>
         <load_address>0x20a20</load_address>
         <run_address>0x20a20</run_address>
         <size>0x5e</size>
         <input_file_ref idref="fl-71"/>
      </object_component>
      <object_component id="oc-b5c">
         <name>.text:close</name>
         <load_address>0x20a7e</load_address>
         <run_address>0x20a7e</run_address>
         <size>0x5a</size>
         <input_file_ref idref="fl-112"/>
      </object_component>
      <object_component id="oc-acf">
         <name>.text</name>
         <load_address>0x20ad8</load_address>
         <run_address>0x20ad8</run_address>
         <size>0x58</size>
         <input_file_ref idref="fl-c4"/>
      </object_component>
      <object_component id="oc-855">
         <name>.text:fp_sigmoid</name>
         <load_address>0x20b30</load_address>
         <run_address>0x20b30</run_address>
         <size>0x54</size>
         <input_file_ref idref="fl-70"/>
      </object_component>
      <object_component id="oc-b07">
         <name>.text:HOSTclose</name>
         <load_address>0x20b84</load_address>
         <run_address>0x20b84</run_address>
         <size>0x4e</size>
         <input_file_ref idref="fl-105"/>
      </object_component>
      <object_component id="oc-abd">
         <name>.text:msp_lea_init</name>
         <load_address>0x20bd2</load_address>
         <run_address>0x20bd2</run_address>
         <size>0x4e</size>
         <input_file_ref idref="fl-f"/>
      </object_component>
      <object_component id="oc-bcc">
         <name>.text:strncpy</name>
         <load_address>0x20c20</load_address>
         <run_address>0x20c20</run_address>
         <size>0x4e</size>
         <input_file_ref idref="fl-11b"/>
      </object_component>
      <object_component id="oc-7dc">
         <name>.text:exit</name>
         <load_address>0x20c6e</load_address>
         <run_address>0x20c6e</run_address>
         <size>0x4a</size>
         <input_file_ref idref="fl-e1"/>
      </object_component>
      <object_component id="oc-7a3">
         <name>.text:printf</name>
         <load_address>0x20cb8</load_address>
         <run_address>0x20cb8</run_address>
         <size>0x4a</size>
         <input_file_ref idref="fl-e7"/>
      </object_component>
      <object_component id="oc-8ed">
         <name>.text:__TI_printfi_minimal:_pproc_str___TI_printfi_minimal</name>
         <load_address>0x20d02</load_address>
         <run_address>0x20d02</run_address>
         <size>0x48</size>
         <input_file_ref idref="fl-e8"/>
      </object_component>
      <object_component id="oc-b1f">
         <name>.text:HOSTunlink</name>
         <load_address>0x20d4a</load_address>
         <run_address>0x20d4a</run_address>
         <size>0x46</size>
         <input_file_ref idref="fl-10a"/>
      </object_component>
      <object_component id="oc-7cc">
         <name>.text:argmax</name>
         <load_address>0x20d90</load_address>
         <run_address>0x20d90</run_address>
         <size>0x46</size>
         <input_file_ref idref="fl-71"/>
      </object_component>
      <object_component id="oc-ae7">
         <name>.text:free_list_insert</name>
         <load_address>0x20dd6</load_address>
         <run_address>0x20dd6</run_address>
         <size>0x46</size>
         <input_file_ref idref="fl-113"/>
      </object_component>
      <object_component id="oc-a66">
         <name>.text</name>
         <load_address>0x20e1c</load_address>
         <run_address>0x20e1c</run_address>
         <size>0x40</size>
         <input_file_ref idref="fl-c1"/>
      </object_component>
      <object_component id="oc-899">
         <name>.text:l_asr_const</name>
         <load_address>0x20e5c</load_address>
         <run_address>0x20e5c</run_address>
         <size>0x3e</size>
         <input_file_ref idref="fl-d6"/>
      </object_component>
      <object_component id="oc-b83">
         <name>.text:l_lsl_const</name>
         <load_address>0x20e9a</load_address>
         <run_address>0x20e9a</run_address>
         <size>0x3e</size>
         <input_file_ref idref="fl-d4"/>
      </object_component>
      <object_component id="oc-a73">
         <name>.text:lseek</name>
         <load_address>0x20ed8</load_address>
         <run_address>0x20ed8</run_address>
         <size>0x3e</size>
         <input_file_ref idref="fl-103"/>
      </object_component>
      <object_component id="oc-6d3">
         <name>.text:memcpy</name>
         <load_address>0x20f16</load_address>
         <run_address>0x20f16</run_address>
         <size>0x3c</size>
         <input_file_ref idref="fl-e5"/>
      </object_component>
      <object_component id="oc-9a5">
         <name>.text:write</name>
         <load_address>0x20f52</load_address>
         <run_address>0x20f52</run_address>
         <size>0x3c</size>
         <input_file_ref idref="fl-11f"/>
      </object_component>
      <object_component id="oc-84f">
         <name>.text:dense</name>
         <load_address>0x20f8e</load_address>
         <run_address>0x20f8e</run_address>
         <size>0x3a</size>
         <input_file_ref idref="fl-6f"/>
      </object_component>
      <object_component id="oc-7af">
         <name>.text:init_clock_system</name>
         <load_address>0x20fc8</load_address>
         <run_address>0x20fc8</run_address>
         <size>0x3a</size>
         <input_file_ref idref="fl-2"/>
      </object_component>
      <object_component id="oc-a8c">
         <name>.text:__TI_cleanup</name>
         <load_address>0x21002</load_address>
         <run_address>0x21002</run_address>
         <size>0x36</size>
         <input_file_ref idref="fl-110"/>
      </object_component>
      <object_component id="oc-b70">
         <name>.text:__TI_writemsg</name>
         <load_address>0x21038</load_address>
         <run_address>0x21038</run_address>
         <size>0x36</size>
         <input_file_ref idref="fl-10c"/>
      </object_component>
      <object_component id="oc-bd2">
         <name>.text:finddevice</name>
         <load_address>0x2106e</load_address>
[...]
         <name>__TI_int34</name>
         <value>0xffd4</value>
         <object_component_ref idref="oc-a0"/>
      </symbol>
      <symbol id="sm-9f5">
         <name>__TI_int35</name>
         <value>0xffd6</value>
         <object_component_ref idref="oc-a1"/>
      </symbol>
      <symbol id="sm-9f8">
         <name>__TI_int36</name>
         <value>0xffd8</value>
         <object_component_ref idref="oc-a2"/>
      </symbol>
      <symbol id="sm-9fb">
         <name>__TI_int37</name>
         <value>0xffda</value>
         <object_component_ref idref="oc-a3"/>
      </symbol>
      <symbol id="sm-9fe">
         <name>__TI_int38</name>
         <value>0xffdc</value>
         <object_component_ref idref="oc-a4"/>
      </symbol>
      <symbol id="sm-a01">
         <name>__TI_int39</name>
         <value>0xffde</value>
         <object_component_ref idref="oc-a5"/>
      </symbol>
      <symbol id="sm-a04">
         <name>__TI_int40</name>
         <value>0xffe0</value>
         <object_component_ref idref="oc-a6"/>
      </symbol>
      <symbol id="sm-a07">
         <name>__TI_int41</name>
         <value>0xffe2</value>
         <object_component_ref idref="oc-a7"/>
      </symbol>
      <symbol id="sm-a0a">
         <name>__TI_int42</name>
         <value>0xffe4</value>
         <object_component_ref idref="oc-a8"/>
      </symbol>
      <symbol id="sm-a0d">
         <name>__TI_int43</name>
         <value>0xffe6</value>
         <object_component_ref idref="oc-a9"/>
      </symbol>
      <symbol id="sm-a10">
         <name>__TI_int44</name>
         <value>0xffe8</value>
         <object_component_ref idref="oc-aa"/>
      </symbol>
      <symbol id="sm-a13">
         <name>__TI_int45</name>
         <value>0xffea</value>
         <object_component_ref idref="oc-ab"/>
      </symbol>
      <symbol id="sm-a16">
         <name>__TI_int46</name>
         <value>0xffec</value>
         <object_component_ref idref="oc-ac"/>
      </symbol>
      <symbol id="sm-a19">
         <name>__TI_int47</name>
         <value>0xffee</value>
         <object_component_ref idref="oc-ad"/>
      </symbol>
      <symbol id="sm-a1c">
         <name>__TI_int48</name>
         <value>0xfff0</value>
         <object_component_ref idref="oc-ae"/>
      </symbol>
      <symbol id="sm-a1f">
         <name>__TI_int49</name>
         <value>0xfff2</value>
         <object_component_ref idref="oc-af"/>
      </symbol>
      <symbol id="sm-a22">
         <name>__TI_int50</name>
         <value>0xfff4</value>
         <object_component_ref idref="oc-b0"/>
      </symbol>
      <symbol id="sm-a25">
         <name>__TI_int51</name>
         <value>0xfff6</value>
         <object_component_ref idref="oc-b1"/>
      </symbol>
      <symbol id="sm-a28">
         <name>__TI_int52</name>
         <value>0xfff8</value>
         <object_component_ref idref="oc-b2"/>
      </symbol>
      <symbol id="sm-a2b">
         <name>__TI_int53</name>
         <value>0xfffa</value>
         <object_component_ref idref="oc-b3"/>
      </symbol>
      <symbol id="sm-a2e">
         <name>__TI_int54</name>
         <value>0xfffc</value>
         <object_component_ref idref="oc-b4"/>
      </symbol>
      <symbol id="sm-a41">
         <name>__TI_zero_init</name>
         <value>0x211e4</value>
         <object_component_ref idref="oc-6f1"/>
      </symbol>
      <symbol id="sm-a4e">
         <name>__mspabi_remli</name>
         <value>0x20e1c</value>
         <object_component_ref idref="oc-a66"/>
      </symbol>
      <symbol id="sm-a4f">
         <name>__mspabi_divli</name>
         <value>0x20e1c</value>
         <object_component_ref idref="oc-a66"/>
      </symbol>
      <symbol id="sm-a5a">
         <name>__mspabi_remu</name>
         <value>0x212fe</value>
         <object_component_ref idref="oc-867"/>
      </symbol>
      <symbol id="sm-a5b">
         <name>__mspabi_divu</name>
         <value>0x212fe</value>
         <object_component_ref idref="oc-867"/>
      </symbol>
      <symbol id="sm-a69">
         <name>__mspabi_remul</name>
         <value>0x20ad8</value>
         <object_component_ref idref="oc-acf"/>
      </symbol>
      <symbol id="sm-a6a">
         <name>__mspabi_divul</name>
         <value>0x20ad8</value>
         <object_component_ref idref="oc-acf"/>
      </symbol>
      <symbol id="sm-a77">
         <name>__mspabi_mpyi_f5hw</name>
         <value>0x212ba</value>
         <object_component_ref idref="oc-7be"/>
      </symbol>
      <symbol id="sm-a83">
         <name>__mspabi_mpysl_f5hw</name>
         <value>0x21266</value>
         <object_component_ref idref="oc-9ea"/>
      </symbol>
      <symbol id="sm-a8f">
         <name>__mspabi_slli</name>
         <value>0x21392</value>
         <object_component_ref idref="oc-92a"/>
      </symbol>
      <symbol id="sm-a9f">
         <name>__mspabi_slll_9</name>
         <value>0x20eb2</value>
         <object_component_ref idref="oc-b83"/>
      </symbol>
      <symbol id="sm-aa0">
         <name>__mspabi_slll_8</name>
         <value>0x20eb6</value>
         <object_component_ref idref="oc-b83"/>
      </symbol>
      <symbol id="sm-aa1">
         <name>__mspabi_slll_7</name>
         <value>0x20eba</value>
         <object_component_ref idref="oc-b83"/>
      </symbol>
      <symbol id="sm-aa2">
         <name>__mspabi_slll_6</name>
         <value>0x20ebe</value>
         <object_component_ref idref="oc-b83"/>
      </symbol>
      <symbol id="sm-aa3">
         <name>__mspabi_slll_5</name>
         <value>0x20ec2</value>
         <object_component_ref idref="oc-b83"/>
      </symbol>
      <symbol id="sm-aa4">
         <name>__mspabi_slll_4</name>
         <value>0x20ec6</value>
         <object_component_ref idref="oc-b83"/>
      </symbol>
      <symbol id="sm-aa5">
         <name>__mspabi_slll_3</name>
         <value>0x20eca</value>
         <object_component_ref idref="oc-b83"/>
      </symbol>
      <symbol id="sm-aa6">
         <name>__mspabi_slll_2</name>
         <value>0x20ece</value>
         <object_component_ref idref="oc-b83"/>
      </symbol>
      <symbol id="sm-aa7">
         <name>__mspabi_slll_1</name>
         <value>0x20ed2</value>
         <object_component_ref idref="oc-b83"/>
      </symbol>
      <symbol id="sm-aa8">
         <name>__mspabi_slll</name>
         <value>0x2136a</value>
         <object_component_ref idref="oc-a61"/>
      </symbol>
      <symbol id="sm-aa9">
         <name>__mspabi_slll_15</name>
         <value>0x20e9a</value>
         <object_component_ref idref="oc-b83"/>
      </symbol>
      <symbol id="sm-aaa">
         <name>__mspabi_slll_14</name>
         <value>0x20e9e</value>
         <object_component_ref idref="oc-b83"/>
      </symbol>
      <symbol id="sm-aab">
         <name>__mspabi_slll_13</name>
         <value>0x20ea2</value>
         <object_component_ref idref="oc-b83"/>
      </symbol>
      <symbol id="sm-aac">
         <name>__mspabi_slll_12</name>
         <value>0x20ea6</value>
         <object_component_ref idref="oc-b83"/>
      </symbol>
      <symbol id="sm-aad">
         <name>__mspabi_slll_11</name>
         <value>0x20eaa</value>
         <object_component_ref idref="oc-b83"/>
      </symbol>
      <symbol id="sm-aae">
         <name>__mspabi_slll_10</name>
         <value>0x20eae</value>
         <object_component_ref idref="oc-b83"/>
      </symbol>
      <symbol id="sm-abf">
         <name>__mspabi_sral</name>
         <value>0x2135a</value>
         <object_component_ref idref="oc-9ef"/>
      </symbol>
      <symbol id="sm-ac0">
         <name>__mspabi_sral_15</name>
         <value>0x20e5c</value>
         <object_component_ref idref="oc-899"/>
      </symbol>
      <symbol id="sm-ac1">
         <name>__mspabi_sral_14</name>
         <value>0x20e60</value>
         <object_component_ref idref="oc-899"/>
      </symbol>
      <symbol id="sm-ac2">
         <name>__mspabi_sral_13</name>
         <value>0x20e64</value>
         <object_component_ref idref="oc-899"/>
      </symbol>
      <symbol id="sm-ac3">
         <name>__mspabi_sral_12</name>
         <value>0x20e68</value>
         <object_component_ref idref="oc-899"/>
      </symbol>
      <symbol id="sm-ac4">
         <name>__mspabi_sral_11</name>
         <value>0x20e6c</value>
         <object_component_ref idref="oc-899"/>
      </symbol>
      <symbol id="sm-ac5">
         <name>__mspabi_sral_10</name>
         <value>0x20e70</value>
         <object_component_ref idref="oc-899"/>
      </symbol>
      <symbol id="sm-ac6">
         <name>__mspabi_sral_8</name>
         <value>0x20e78</value>
         <object_component_ref idref="oc-899"/>
      </symbol>
      <symbol id="sm-ac7">
         <name>__mspabi_sral_9</name>
         <value>0x20e74</value>
         <object_component_ref idref="oc-899"/>
      </symbol>
      <symbol id="sm-ac8">
         <name>__mspabi_sral_6</name>
         <value>0x20e80</value>
         <object_component_ref idref="oc-899"/>
      </symbol>
      <symbol id="sm-ac9">
         <name>__mspabi_sral_7</name>
         <value>0x20e7c</value>
         <object_component_ref idref="oc-899"/>
      </symbol>
      <symbol id="sm-aca">
         <name>__mspabi_sral_4</name>
         <value>0x20e88</value>
         <object_component_ref idref="oc-899"/>
      </symbol>
      <symbol id="sm-acb">
         <name>__mspabi_sral_5</name>
         <value>0x20e84</value>
         <object_component_ref idref="oc-899"/>
      </symbol>
      <symbol id="sm-acc">
         <name>__mspabi_sral_2</name>
         <value>0x20e90</value>
         <object_component_ref idref="oc-899"/>
      </symbol>
      <symbol id="sm-acd">
         <name>__mspabi_sral_3</name>
         <value>0x20e8c</value>
         <object_component_ref idref="oc-899"/>
      </symbol>
      <symbol id="sm-ace">
         <name>__mspabi_sral_1</name>
         <value>0x20e94</value>
         <object_component_ref idref="oc-899"/>
      </symbol>
      <symbol id="sm-ae1">
         <name>_stack</name>
         <value>0x2b60</value>
         <object_component_ref idref="oc-6c1"/>
      </symbol>
      <symbol id="sm-ae2">
         <name>_c_int00_noargs</name>
         <value>0xf000</value>
         <object_component_ref idref="oc-6fd"/>
      </symbol>
      <symbol id="sm-ae3">
         <name>_reset_vector</name>
         <value>0xfffe</value>
         <object_component_ref idref="oc-6c4"/>
      </symbol>
      <symbol id="sm-b07">
         <name>__TI_auto_init_nobinit_nopinit_hold_wdt</name>
         <value>0x20498</value>
         <object_component_ref idref="oc-7fa"/>
      </symbol>
      <symbol id="sm-b10">
         <name>_system_post_cinit</name>
         <value>0x213c4</value>
         <object_component_ref idref="oc-89e"/>
      </symbol>
      <symbol id="sm-b19">
         <name>_system_pre_init</name>
         <value>0x213ba</value>
         <object_component_ref idref="oc-74d"/>
      </symbol>
      <symbol id="sm-b37">
         <name>C$$EXIT</name>
         <value>0x213aa</value>
         <object_component_ref idref="oc-7d6"/>
      </symbol>
      <symbol id="sm-b38">
         <name>abort</name>
         <value>0x213aa</value>
         <object_component_ref idref="oc-7d6"/>
      </symbol>
      <symbol id="sm-b39">
         <name>__TI_enable_exit_profile_output</name>
         <value>0x1d8e</value>
         <object_component_ref idref="oc-88e"/>
      </symbol>
      <symbol id="sm-b3a">
         <name>exit</name>
         <value>0x20c6e</value>
         <object_component_ref idref="oc-7dc"/>
      </symbol>
      <symbol id="sm-b49">
         <name>__TI_dtors_ptr</name>
         <value>0x1d80</value>
         <object_component_ref idref="oc-891"/>
      </symbol>
      <symbol id="sm-b4a">
         <name>__TI_cleanup_ptr</name>
         <value>0x1d7c</value>
         <object_component_ref idref="oc-894"/>
      </symbol>
      <symbol id="sm-b60">
         <name>_nop</name>
         <value>0x213c2</value>
         <object_component_ref idref="oc-8c6"/>
      </symbol>
      <symbol id="sm-b61">
         <name>_lock</name>
         <value>0x1d84</value>
         <object_component_ref idref="oc-816"/>
      </symbol>
      <symbol id="sm-b62">
         <name>_unlock</name>
         <value>0x1d88</value>
         <object_component_ref idref="oc-82e"/>
      </symbol>
      <symbol id="sm-b72">
         <name>memcpy</name>
         <value>0x20f16</value>
         <object_component_ref idref="oc-6d3"/>
      </symbol>
      <symbol id="sm-b81">
         <name>memset</name>
         <value>0x21228</value>
         <object_component_ref idref="oc-9b1"/>
      </symbol>
      <symbol id="sm-ba4">
         <name>printf</name>
         <value>0x20cb8</value>
         <object_component_ref idref="oc-7a3"/>
      </symbol>
      <symbol id="sm-c0e">
         <name>__TI_printfi_minimal</name>
         <value>0x1fb72</value>
         <object_component_ref idref="oc-828"/>
      </symbol>
      <symbol id="sm-c2b">
         <name>__TI_tmpnams</name>
         <value>0x1d92</value>
      </symbol>
      <symbol id="sm-c2c">
         <name>_ftable</name>
         <value>0x1c00</value>
         <object_component_ref idref="oc-819"/>
      </symbol>
      <symbol id="sm-c2d">
         <name>__TI_ft_end</name>
         <value>0x1d8c</value>
         <object_component_ref idref="oc-afb"/>
      </symbol>
      <symbol id="sm-c44">
         <name>putc</name>
         <value>0x20302</value>
         <object_component_ref idref="oc-8da"/>
      </symbol>
      <symbol id="sm-c45">
         <name>fputc</name>
         <value>0x20302</value>
         <object_component_ref idref="oc-8da"/>
      </symbol>
      <symbol id="sm-c56">
         <name>__TI_doflush</name>
         <value>0x20960</value>
         <object_component_ref idref="oc-99f"/>
      </symbol>
      <symbol id="sm-c6e">
         <name>__TI_wrt_ok</name>
         <value>0x20392</value>
         <object_component_ref idref="oc-993"/>
      </symbol>
      <symbol id="sm-c8a">
         <name>fputs</name>
         <value>0x1f580</value>
         <object_component_ref idref="oc-8d3"/>
      </symbol>
      <symbol id="sm-ca0">
         <name>fseeko</name>
         <value>0x206de</value>
         <object_component_ref idref="oc-a1e"/>
      </symbol>
      <symbol id="sm-ca1">
         <name>fseek</name>
         <value>0x206de</value>
         <object_component_ref idref="oc-a1e"/>
      </symbol>
      <symbol id="sm-cbb">
         <name>lseek</name>
         <value>0x20ed8</value>
         <object_component_ref idref="oc-a73"/>
      </symbol>
      <symbol id="sm-cca">
         <name>_stream</name>
         <value>0x1d40</value>
         <object_component_ref idref="oc-a30"/>
      </symbol>
      <symbol id="sm-ccb">
         <name>_device</name>
         <value>0x1cc8</value>
         <object_component_ref idref="oc-a9f"/>
      </symbol>
      <symbol id="sm-cd7">
         <name>HOSTclose</name>
         <value>0x20b84</value>
         <object_component_ref idref="oc-b07"/>
      </symbol>
      <symbol id="sm-ce3">
         <name>HOSTlseek</name>
         <value>0x20268</value>
         <object_component_ref idref="oc-b19"/>
      </symbol>
      <symbol id="sm-cf1">
         <name>parmbuf</name>
         <value>0x1e42</value>
      </symbol>
      <symbol id="sm-cf2">
         <name>HOSTopen</name>
         <value>0x2066e</value>
         <object_component_ref idref="oc-b01"/>
      </symbol>
      <symbol id="sm-cff">
         <name>HOSTread</name>
         <value>0x20894</value>
         <object_component_ref idref="oc-b0d"/>
      </symbol>
      <symbol id="sm-d0b">
         <name>HOSTrename</name>
         <value>0x20586</value>
         <object_component_ref idref="oc-b25"/>
      </symbol>
      <symbol id="sm-d17">
         <name>HOSTunlink</name>
         <value>0x20d4a</value>
         <object_component_ref idref="oc-b1f"/>
      </symbol>
      <symbol id="sm-d24">
         <name>HOSTwrite</name>
         <value>0x207bc</value>
         <object_component_ref idref="oc-b13"/>
      </symbol>
      <symbol id="sm-d42">
         <name>__TI_readmsg</name>
         <value>0x210d8</value>
         <object_component_ref idref="oc-b76"/>
      </symbol>
      <symbol id="sm-d43">
         <name>C$$IO$$</name>
         <value>0x2106a</value>
         <object_component_ref idref="oc-b70"/>
      </symbol>
      <symbol id="sm-d44">
         <name>_CIOBUF_</name>
         <value>0xea88</value>
         <object_component_ref idref="oc-bad"/>
      </symbol>
      <symbol id="sm-d45">
         <name>__TI_writemsg</name>
         <value>0x21038</value>
         <object_component_ref idref="oc-b70"/>
      </symbol>
      <symbol id="sm-d55">
         <name>memccpy</name>
         <value>0x210a4</value>
         <object_component_ref idref="oc-9be"/>
      </symbol>
      <symbol id="sm-d65">
         <name>memchr</name>
         <value>0x21208</value>
         <object_component_ref idref="oc-999"/>
      </symbol>
      <symbol id="sm-d7e">
         <name>setvbuf</name>
         <value>0x1fa78</value>
         <object_component_ref idref="oc-a24"/>
      </symbol>
      <symbol id="sm-d8f">
         <name>__TI_cleanup</name>
         <value>0x21002</value>
         <object_component_ref idref="oc-a8c"/>
      </symbol>
      <symbol id="sm-da0">
         <name>__TI_closefile</name>
         <value>0x205fa</value>
         <object_component_ref idref="oc-af5"/>
      </symbol>
      <symbol id="sm-db2">
         <name>close</name>
         <value>0x20a7e</value>
         <object_component_ref idref="oc-b5c"/>
      </symbol>
      <symbol id="sm-e38">
         <name>_sys_memory</name>
         <value>0xeba8</value>
         <object_component_ref idref="oc-6c5"/>
      </symbol>
      <symbol id="sm-e39">
         <name>free</name>
         <value>0x1f6da</value>
         <object_component_ref idref="oc-a80"/>
      </symbol>
      <symbol id="sm-e3a">
         <name>memalign</name>
         <value>0x1ef34</value>
         <object_component_ref idref="oc-aee"/>
      </symbol>
      <symbol id="sm-e3b">
         <name>malloc</name>
         <value>0x21386</value>
         <object_component_ref idref="oc-a86"/>
      </symbol>
      <symbol id="sm-e3c">
         <name>aligned_alloc</name>
         <value>0x1ef34</value>
         <object_component_ref idref="oc-aee"/>
      </symbol>
      <symbol id="sm-e61">
         <name>finddevice</name>
         <value>0x2106e</value>
         <object_component_ref idref="oc-bd2"/>
      </symbol>
      <symbol id="sm-e62">
         <name>getdevice</name>
         <value>0x208fe</value>
         <object_component_ref idref="oc-ba1"/>
      </symbol>
      <symbol id="sm-e72">
         <name>strchr</name>
         <value>0x21282</value>
         <object_component_ref idref="oc-bc6"/>
      </symbol>
      <symbol id="sm-e80">
         <name>strcmp</name>
         <value>0x2129e</value>
         <object_component_ref idref="oc-beb"/>
      </symbol>
      <symbol id="sm-e8d">
         <name>strcpy</name>
         <value>0x21326</value>
         <object_component_ref idref="oc-b8c"/>
      </symbol>
      <symbol id="sm-e9a">
         <name>strlen</name>
         <value>0x21338</value>
         <object_component_ref idref="oc-8e1"/>
      </symbol>
      <symbol id="sm-eab">
         <name>strncpy</name>
         <value>0x20c20</value>
         <object_component_ref idref="oc-bcc"/>
      </symbol>
      <symbol id="sm-eb8">
         <name>unlink</name>
         <value>0x2113c</value>
         <object_component_ref idref="oc-b63"/>
      </symbol>
      <symbol id="sm-ec7">
         <name>write</name>
         <value>0x20f52</value>
         <object_component_ref idref="oc-9a5"/>
      </symbol>
      <symbol id="sm-ecc">
         <name>remove</name>
         <value>0x2113c</value>
      </symbol>
   </symbol_table>
   <title>Link successful</title>
</link_info>
